Archive member included because of file (symbol)

C:\Users\Jan\AppData\Local\Temp\arduino\sketches\EF1FCF5726F47838FECC54526ED24E10/core\core.a(SERCOM.cpp.o)
                              C:\Users\Jan\AppData\Local\Temp\arduino\sketches\EF1FCF5726F47838FECC54526ED24E10\core\variant.cpp.o (SERCOM::SERCOM(Sercom*))
C:\Users\Jan\AppData\Local\Temp\arduino\sketches\EF1FCF5726F47838FECC54526ED24E10/core\core.a(Stream.cpp.o)
                              C:\Users\Jan\AppData\Local\Temp\arduino\sketches\EF1FCF5726F47838FECC54526ED24E10\sketch\MuxTO.ino.cpp.o (Stream::readBytes(char*, unsigned int))
C:\Users\Jan\AppData\Local\Temp\arduino\sketches\EF1FCF5726F47838FECC54526ED24E10/core\core.a(CDC.cpp.o)
                              C:\Users\Jan\AppData\Local\Temp\arduino\sketches\EF1FCF5726F47838FECC54526ED24E10\sketch\MuxTO.ino.cpp.o (Serial_::availableForWrite())
C:\Users\Jan\AppData\Local\Temp\arduino\sketches\EF1FCF5726F47838FECC54526ED24E10/core\core.a(USBCore.cpp.o)
                              C:\Users\Jan\AppData\Local\Temp\arduino\sketches\EF1FCF5726F47838FECC54526ED24E10/core\core.a(CDC.cpp.o) (USBDeviceClass::available(unsigned long))
C:\Users\Jan\AppData\Local\Temp\arduino\sketches\EF1FCF5726F47838FECC54526ED24E10/core\core.a(Uart.cpp.o)
                              C:\Users\Jan\AppData\Local\Temp\arduino\sketches\EF1FCF5726F47838FECC54526ED24E10\sketch\MuxTO.ino.cpp.o (Uart::end())
C:\Users\Jan\AppData\Local\Temp\arduino\sketches\EF1FCF5726F47838FECC54526ED24E10/core\core.a(WString.cpp.o)
                              C:\Users\Jan\AppData\Local\Temp\arduino\sketches\EF1FCF5726F47838FECC54526ED24E10/core\core.a(Stream.cpp.o) (String::String(char const*))
C:\Users\Jan\AppData\Local\Temp\arduino\sketches\EF1FCF5726F47838FECC54526ED24E10/core\core.a(abi.cpp.o)
                              C:\Users\Jan\AppData\Local\Temp\arduino\sketches\EF1FCF5726F47838FECC54526ED24E10/core\core.a(USBCore.cpp.o) (__cxa_pure_virtual)
C:\Users\Jan\AppData\Local\Temp\arduino\sketches\EF1FCF5726F47838FECC54526ED24E10/core\core.a(dtostrf.c.o)
                              C:\Users\Jan\AppData\Local\Temp\arduino\sketches\EF1FCF5726F47838FECC54526ED24E10/core\core.a(WString.cpp.o) (dtostrf)
C:\Users\Jan\AppData\Local\Temp\arduino\sketches\EF1FCF5726F47838FECC54526ED24E10/core\core.a(cortex_handlers.c.o)
                              (Reset_Handler)
C:\Users\Jan\AppData\Local\Temp\arduino\sketches\EF1FCF5726F47838FECC54526ED24E10/core\core.a(delay.c.o)
                              C:\Users\Jan\AppData\Local\Temp\arduino\sketches\EF1FCF5726F47838FECC54526ED24E10\sketch\MuxTO.ino.cpp.o (millis)
C:\Users\Jan\AppData\Local\Temp\arduino\sketches\EF1FCF5726F47838FECC54526ED24E10/core\core.a(hooks.c.o)
                              C:\Users\Jan\AppData\Local\Temp\arduino\sketches\EF1FCF5726F47838FECC54526ED24E10/core\core.a(delay.c.o) (yield)
C:\Users\Jan\AppData\Local\Temp\arduino\sketches\EF1FCF5726F47838FECC54526ED24E10/core\core.a(itoa.c.o)
                              C:\Users\Jan\AppData\Local\Temp\arduino\sketches\EF1FCF5726F47838FECC54526ED24E10/core\core.a(WString.cpp.o) (ltoa)
C:\Users\Jan\AppData\Local\Temp\arduino\sketches\EF1FCF5726F47838FECC54526ED24E10/core\core.a(main.cpp.o)
                              c:/users/jan/appdata/local/arduino15/packages/arduino/tools/arm-none-eabi-gcc/4.8.3-2014q1/bin/../lib/gcc/arm-none-eabi/4.8.3/../../../../arm-none-eabi/lib/armv6-m/crt0.o (main)
C:\Users\Jan\AppData\Local\Temp\arduino\sketches\EF1FCF5726F47838FECC54526ED24E10/core\core.a(new.cpp.o)
                              C:\Users\Jan\AppData\Local\Temp\arduino\sketches\EF1FCF5726F47838FECC54526ED24E10/core\core.a(USBCore.cpp.o) (operator new(unsigned int))
C:\Users\Jan\AppData\Local\Temp\arduino\sketches\EF1FCF5726F47838FECC54526ED24E10/core\core.a(startup.c.o)
                              C:\Users\Jan\AppData\Local\Temp\arduino\sketches\EF1FCF5726F47838FECC54526ED24E10/core\core.a(cortex_handlers.c.o) (SystemInit)
C:\Users\Jan\AppData\Local\Temp\arduino\sketches\EF1FCF5726F47838FECC54526ED24E10/core\core.a(wiring.c.o)
                              C:\Users\Jan\AppData\Local\Temp\arduino\sketches\EF1FCF5726F47838FECC54526ED24E10/core\core.a(main.cpp.o) (init)
C:\Users\Jan\AppData\Local\Temp\arduino\sketches\EF1FCF5726F47838FECC54526ED24E10/core\core.a(wiring_digital.c.o)
                              C:\Users\Jan\AppData\Local\Temp\arduino\sketches\EF1FCF5726F47838FECC54526ED24E10\sketch\MuxTO.ino.cpp.o (pinMode)
C:\Users\Jan\AppData\Local\Temp\arduino\sketches\EF1FCF5726F47838FECC54526ED24E10/core\core.a(wiring_private.c.o)
                              C:\Users\Jan\AppData\Local\Temp\arduino\sketches\EF1FCF5726F47838FECC54526ED24E10/core\core.a(USBCore.cpp.o) (pinPeripheral)
C:\Users\Jan\AppData\Local\Temp\arduino\sketches\EF1FCF5726F47838FECC54526ED24E10/core\core.a(Print.cpp.o)
[...]
Memory Configuration

Name             Origin             Length             Attributes
FLASH            0x00001000         0x00003000         xr
RAM              0x20000000         0x00001000         xrw
*default*        0x00000000         0xffffffff

Linker script and memory map

LOAD c:/users/jan/appdata/local/arduino15/packages/arduino/tools/arm-none-eabi-gcc/4.8.3-2014q1/bin/../lib/gcc/arm-none-eabi/4.8.3/armv6-m/crti.o
LOAD c:/users/jan/appdata/local/arduino15/packages/arduino/tools/arm-none-eabi-gcc/4.8.3-2014q1/bin/../lib/gcc/arm-none-eabi/4.8.3/armv6-m/crtbegin.o
LOAD c:/users/jan/appdata/local/arduino15/packages/arduino/tools/arm-none-eabi-gcc/4.8.3-2014q1/bin/../lib/gcc/arm-none-eabi/4.8.3/../../../../arm-none-eabi/lib/armv6-m/crt0.o
LOAD C:\Users\Jan\AppData\Local\Temp\arduino\sketches\EF1FCF5726F47838FECC54526ED24E10\sketch\JICE_io.cpp.o
LOAD C:\Users\Jan\AppData\Local\Temp\arduino\sketches\EF1FCF5726F47838FECC54526ED24E10\sketch\JTAG2.cpp.o
LOAD C:\Users\Jan\AppData\Local\Temp\arduino\sketches\EF1FCF5726F47838FECC54526ED24E10\sketch\MuxTO.ino.cpp.o
LOAD C:\Users\Jan\AppData\Local\Temp\arduino\sketches\EF1FCF5726F47838FECC54526ED24E10\sketch\UPDI_hi_lvl.cpp.o
LOAD C:\Users\Jan\AppData\Local\Temp\arduino\sketches\EF1FCF5726F47838FECC54526ED24E10\sketch\UPDI_lo_lvl.cpp.o
LOAD C:\Users\Jan\AppData\Local\Temp\arduino\sketches\EF1FCF5726F47838FECC54526ED24E10\sketch\crc16.cpp.o
LOAD C:\Users\Jan\AppData\Local\Temp\arduino\sketches\EF1FCF5726F47838FECC54526ED24E10\sketch\sys.cpp.o
LOAD C:\Users\Jan\AppData\Local\Temp\arduino\sketches\EF1FCF5726F47838FECC54526ED24E10\sketch\updi_io.cpp.o
LOAD C:\Users\Jan\AppData\Local\Temp\arduino\sketches\EF1FCF5726F47838FECC54526ED24E10\sketch\updi_io_soft.cpp.o
LOAD C:\Users\Jan\AppData\Local\Temp\arduino\sketches\EF1FCF5726F47838FECC54526ED24E10\core\variant.cpp.o
START GROUP
LOAD C:\Users\Jan\AppData\Local\Arduino15\packages\arduino\tools\CMSIS\4.5.0/CMSIS/Lib/GCC/\libarm_cortexM0l_math.a
LOAD c:/users/jan/appdata/local/arduino15/packages/arduino/tools/arm-none-eabi-gcc/4.8.3-2014q1/bin/../lib/gcc/arm-none-eabi/4.8.3/../../../../arm-none-eabi/lib/armv6-m\libm.a
LOAD C:\Users\Jan\AppData\Local\Temp\arduino\sketches\EF1FCF5726F47838FECC54526ED24E10/core\core.a
END GROUP
START GROUP
LOAD c:/users/jan/appdata/local/arduino15/packages/arduino/tools/arm-none-eabi-gcc/4.8.3-2014q1/bin/../lib/gcc/arm-none-eabi/4.8.3/armv6-m\libgcc.a
LOAD c:/users/jan/appdata/local/arduino15/packages/arduino/tools/arm-none-eabi-gcc/4.8.3-2014q1/bin/../lib/gcc/arm-none-eabi/4.8.3/../../../../arm-none-eabi/lib/armv6-m\libc_s.a
END GROUP
START GROUP
LOAD c:/users/jan/appdata/local/arduino15/packages/arduino/tools/arm-none-eabi-gcc/4.8.3-2014q1/bin/../lib/gcc/arm-none-eabi/4.8.3/armv6-m\libgcc.a
LOAD c:/users/jan/appdata/local/arduino15/packages/arduino/tools/arm-none-eabi-gcc/4.8.3-2014q1/bin/../lib/gcc/arm-none-eabi/4.8.3/../../../../arm-none-eabi/lib/armv6-m\libc_s.a
LOAD c:/users/jan/appdata/local/arduino15/packages/arduino/tools/arm-none-eabi-gcc/4.8.3-2014q1/bin/../lib/gcc/arm-none-eabi/4.8.3/../../../../arm-none-eabi/lib/armv6-m\libnosys.a
END GROUP
START GROUP
LOAD c:/users/jan/appdata/local/arduino15/packages/arduino/tools/arm-none-eabi-gcc/4.8.3-2014q1/bin/../lib/gcc/arm-none-eabi/4.8.3/armv6-m\libgcc.a
LOAD c:/users/jan/appdata/local/arduino15/packages/arduino/tools/arm-none-eabi-gcc/4.8.3-2014q1/bin/../lib/gcc/arm-none-eabi/4.8.3/../../../../arm-none-eabi/lib/armv6-m\libc_s.a
LOAD c:/users/jan/appdata/local/arduino15/packages/arduino/tools/arm-none-eabi-gcc/4.8.3-2014q1/bin/../lib/gcc/arm-none-eabi/4.8.3/../../../../arm-none-eabi/lib/armv6-m\libnosys.a
END GROUP
LOAD c:/users/jan/appdata/local/arduino15/packages/arduino/tools/arm-none-eabi-gcc/4.8.3-2014q1/bin/../lib/gcc/arm-none-eabi/4.8.3/armv6-m/crtend.o
LOAD c:/users/jan/appdata/local/arduino15/packages/arduino/tools/arm-none-eabi-gcc/4.8.3-2014q1/bin/../lib/gcc/arm-none-eabi/4.8.3/armv6-m/crtn.o

.text           0x00001000     0x2ee0
                0x00001000                __text_start__ = .
 *(.sketch_boot)
                0x00001000                . = ALIGN (0x1000)
 *(.isr_vector)
 .isr_vector    0x00001000       0x8c C:\Users\Jan\AppData\Local\Temp\arduino\sketches\EF1FCF5726F47838FECC54526ED24E10/core\core.a(cortex_handlers.c.o)
                0x00001000                exception_table
 *(.text*)
 .text          0x0000108c       0x60 c:/users/jan/appdata/local/arduino15/packages/arduino/tools/arm-none-eabi-gcc/4.8.3-2014q1/bin/../lib/gcc/arm-none-eabi/4.8.3/armv6-m/crtbegin.o
 .text._ZN7JICE_io4initEv
                0x000010ec       0x14 C:\Users\Jan\AppData\Local\Temp\arduino\sketches\EF1FCF5726F47838FECC54526ED24E10\sketch\JICE_io.cpp.o
                0x000010ec                JICE_io::init()
 .text._ZN7JICE_io8set_baudEN5JTAG29baud_rateE
                0x00001100        0x2 C:\Users\Jan\AppData\Local\Temp\arduino\sketches\EF1FCF5726F47838FECC54526ED24E10\sketch\JICE_io.cpp.o
                0x00001100                JICE_io::set_baud(JTAG2::baud_rate)
 *fill*         0x00001102        0x2 
 .text._ZN7JICE_io3putEc
                0x00001104       0x14 C:\Users\Jan\AppData\Local\Temp\arduino\sketches\EF1FCF5726F47838FECC54526ED24E10\sketch\JICE_io.cpp.o
                0x00001104                JICE_io::put(char)
 .text._ZN7JICE_io3getEv
                0x00001118       0x10 C:\Users\Jan\AppData\Local\Temp\arduino\sketches\EF1FCF5726F47838FECC54526ED24E10\sketch\JICE_io.cpp.o
                0x00001118                JICE_io::get()
 .text._ZN7JICE_io5flushEv
                0x00001128       0x10 C:\Users\Jan\AppData\Local\Temp\arduino\sketches\EF1FCF5726F47838FECC54526ED24E10\sketch\JICE_io.cpp.o
                0x00001128                JICE_io::flush()
 .text._ZZN12_GLOBAL__N_118NVM_buffered_writeEtthhENKUlhhE_clEhh.isra.0
                0x00001138       0x5c C:\Users\Jan\AppData\Local\Temp\arduino\sketches\EF1FCF5726F47838FECC54526ED24E10\sketch\JTAG2.cpp.o
 .text._ZN5JTAG27receiveEv
                0x00001194       0xa0 C:\Users\Jan\AppData\Local\Temp\arduino\sketches\EF1FCF5726F47838FECC54526ED24E10\sketch\JTAG2.cpp.o
                0x00001194                JTAG2::receive()
 .text._ZN5JTAG26answerEv
                0x00001234       0x74 C:\Users\Jan\AppData\Local\Temp\arduino\sketches\EF1FCF5726F47838FECC54526ED24E10\sketch\JTAG2.cpp.o
                0x00001234                JTAG2::answer()
 .text._ZN5JTAG210delay_execEv
                0x000012a8       0x14 C:\Users\Jan\AppData\Local\Temp\arduino\sketches\EF1FCF5726F47838FECC54526ED24E10\sketch\JTAG2.cpp.o
                0x000012a8                JTAG2::delay_exec()
 .text._ZN5JTAG210set_statusEh
                0x000012bc       0x14 C:\Users\Jan\AppData\Local\Temp\arduino\sketches\EF1FCF5726F47838FECC54526ED24E10\sketch\JTAG2.cpp.o
                0x000012bc                JTAG2::set_status(unsigned char)
 .text._ZN5JTAG27sign_onEv
                0x000012d0       0x50 C:\Users\Jan\AppData\Local\Temp\arduino\sketches\EF1FCF5726F47838FECC54526ED24E10\sketch\JTAG2.cpp.o
                0x000012d0                JTAG2::sign_on()
 .text._ZN5JTAG213get_parameterEv
                0x00001320       0x84 C:\Users\Jan\AppData\Local\Temp\arduino\sketches\EF1FCF5726F47838FECC54526ED24E10\sketch\JTAG2.cpp.o
                0x00001320                JTAG2::get_parameter()
 .text._ZN5JTAG213set_parameterEv
                0x000013a4       0x34 C:\Users\Jan\AppData\Local\Temp\arduino\sketches\EF1FCF5726F47838FECC54526ED24E10\sketch\JTAG2.cpp.o
                0x000013a4                JTAG2::set_parameter()
 .text._ZN5JTAG221set_device_descriptorEv
                0x000013d8       0x2c C:\Users\Jan\AppData\Local\Temp\arduino\sketches\EF1FCF5726F47838FECC54526ED24E10\sketch\JTAG2.cpp.o
                0x000013d8                JTAG2::set_device_descriptor()
 .text._ZN5JTAG214leave_progmodeEv
                0x00001404       0x38 C:\Users\Jan\AppData\Local\Temp\arduino\sketches\EF1FCF5726F47838FECC54526ED24E10\sketch\JTAG2.cpp.o
                0x00001404                JTAG2::leave_progmode()
 .text._ZN5JTAG28read_memEv
                0x0000143c       0x6c C:\Users\Jan\AppData\Local\Temp\arduino\sketches\EF1FCF5726F47838FECC54526ED24E10\sketch\JTAG2.cpp.o
                0x0000143c                JTAG2::read_mem()
 .text._ZN4UPDI9write_keyIhEEvRA8_T_
                0x000014a8       0x24 C:\Users\Jan\AppData\Local\Temp\arduino\sketches\EF1FCF5726F47838FECC54526ED24E10\sketch\JTAG2.cpp.o
                0x000014a8                void UPDI::write_key<unsigned char>(unsigned char (&) [8])
 .text._ZN5JTAG214enter_progmodeEv
                0x000014cc       0x50 C:\Users\Jan\AppData\Local\Temp\arduino\sketches\EF1FCF5726F47838FECC54526ED24E10\sketch\JTAG2.cpp.o
                0x000014cc                JTAG2::enter_progmode()
 .text._ZN5JTAG25eraseEv
                0x0000151c       0x60 C:\Users\Jan\AppData\Local\Temp\arduino\sketches\EF1FCF5726F47838FECC54526ED24E10\sketch\JTAG2.cpp.o
                0x0000151c                JTAG2::erase()
 .text._ZN3NVM7commandILb1EEEvh
                0x0000157c       0x1c C:\Users\Jan\AppData\Local\Temp\arduino\sketches\EF1FCF5726F47838FECC54526ED24E10\sketch\JTAG2.cpp.o
                0x0000157c                void NVM::command<true>(unsigned char)
 .text._ZN5JTAG29write_memEv
                0x00001598      0x108 C:\Users\Jan\AppData\Local\Temp\arduino\sketches\EF1FCF5726F47838FECC54526ED24E10\sketch\JTAG2.cpp.o
                0x00001598                JTAG2::write_mem()
 .text.setup    0x000016a0       0x34 C:\Users\Jan\AppData\Local\Temp\arduino\sketches\EF1FCF5726F47838FECC54526ED24E10\sketch\MuxTO.ino.cpp.o
                0x000016a0                setup
 .text.loop     0x000016d4      0x344 C:\Users\Jan\AppData\Local\Temp\arduino\sketches\EF1FCF5726F47838FECC54526ED24E10\sketch\MuxTO.ino.cpp.o
                0x000016d4                loop
 .text._ZN4UPDI9CPU_resetEv
                0x00001a18       0x20 C:\Users\Jan\AppData\Local\Temp\arduino\sketches\EF1FCF5726F47838FECC54526ED24E10\sketch\UPDI_hi_lvl.cpp.o
                0x00001a18                UPDI::CPU_reset()
 .text._ZN4UPDI3repEh
                0x00001a38       0x18 C:\Users\Jan\AppData\Local\Temp\arduino\sketches\EF1FCF5726F47838FECC54526ED24E10\sketch\UPDI_lo_lvl.cpp.o
                0x00001a38                UPDI::rep(unsigned char)
 .text._ZN4UPDI4stcsENS_3regEh
                0x00001a50       0x1c C:\Users\Jan\AppData\Local\Temp\arduino\sketches\EF1FCF5726F47838FECC54526ED24E10\sketch\UPDI_lo_lvl.cpp.o
                0x00001a50                UPDI::stcs(UPDI::reg, unsigned char)
 .text._ZN4UPDI4lcdsENS_3regE
                0x00001a6c       0x18 C:\Users\Jan\AppData\Local\Temp\arduino\sketches\EF1FCF5726F47838FECC54526ED24E10\sketch\UPDI_lo_lvl.cpp.o
                0x00001a6c                UPDI::lcds(UPDI::reg)
 .text._ZN4UPDI5lds_bEt
                0x00001a84       0x22 C:\Users\Jan\AppData\Local\Temp\arduino\sketches\EF1FCF5726F47838FECC54526ED24E10\sketch\UPDI_lo_lvl.cpp.o
                0x00001a84                UPDI::lds_b(unsigned short)
 .text._ZN4UPDI5sts_bEth
                0x00001aa6       0x2e C:\Users\Jan\AppData\Local\Temp\arduino\sketches\EF1FCF5726F47838FECC54526ED24E10\sketch\UPDI_lo_lvl.cpp.o
                0x00001aa6                UPDI::sts_b(unsigned short, unsigned char)
 .text._ZN4UPDI7ldptr_wEv
                0x00001ad4       0x20 C:\Users\Jan\AppData\Local\Temp\arduino\sketches\EF1FCF5726F47838FECC54526ED24E10\sketch\UPDI_lo_lvl.cpp.o
                0x00001ad4                UPDI::ldptr_w()
 .text._ZN4UPDI7ldinc_bEv
                0x00001af4       0x14 C:\Users\Jan\AppData\Local\Temp\arduino\sketches\EF1FCF5726F47838FECC54526ED24E10\sketch\UPDI_lo_lvl.cpp.o
                0x00001af4                UPDI::ldinc_b()
 .text._ZN4UPDI7stptr_wEt
                0x00001b08       0x22 C:\Users\Jan\AppData\Local\Temp\arduino\sketches\EF1FCF5726F47838FECC54526ED24E10\sketch\UPDI_lo_lvl.cpp.o
                0x00001b08                UPDI::stptr_w(unsigned short)
 .text._ZN4UPDI7stinc_bEh
                0x00001b2a       0x1c C:\Users\Jan\AppData\Local\Temp\arduino\sketches\EF1FCF5726F47838FECC54526ED24E10\sketch\UPDI_lo_lvl.cpp.o
                0x00001b2a                UPDI::stinc_b(unsigned char)
 *fill*         0x00001b46        0x2 
 .text._ZN3CRC4nextEht
                0x00001b48       0x1c C:\Users\Jan\AppData\Local\Temp\arduino\sketches\EF1FCF5726F47838FECC54526ED24E10\sketch\crc16.cpp.o
                0x00001b48                CRC::next(unsigned char, unsigned short)
 .text._ZN7UPDI_io3putEc
                0x00001b64       0x3c C:\Users\Jan\AppData\Local\Temp\arduino\sketches\EF1FCF5726F47838FECC54526ED24E10\sketch\updi_io.cpp.o
                0x00001b64                UPDI_io::put(char)
 .text._ZN7UPDI_io3getEv
                0x00001ba0       0x1c C:\Users\Jan\AppData\Local\Temp\arduino\sketches\EF1FCF5726F47838FECC54526ED24E10\sketch\updi_io.cpp.o
                0x00001ba0                UPDI_io::get()
 .text._ZN7UPDI_io3putENS_4ctrlE
                0x00001bbc       0x70 C:\Users\Jan\AppData\Local\Temp\arduino\sketches\EF1FCF5726F47838FECC54526ED24E10\sketch\updi_io.cpp.o
                0x00001bbc                UPDI_io::put(UPDI_io::ctrl)
 .text._ZN7UPDI_io4initEv
                0x00001c2c       0x18 C:\Users\Jan\AppData\Local\Temp\arduino\sketches\EF1FCF5726F47838FECC54526ED24E10\sketch\updi_io.cpp.o
                0x00001c2c                UPDI_io::init()
 .text.SERCOM1_Handler
                0x00001c44       0x10 C:\Users\Jan\AppData\Local\Temp\arduino\sketches\EF1FCF5726F47838FECC54526ED24E10\core\variant.cpp.o
                0x00001c44                SERCOM1_Handler
 .text.SERCOM0_Handler
                0x00001c54       0x10 C:\Users\Jan\AppData\Local\Temp\arduino\sketches\EF1FCF5726F47838FECC54526ED24E10\core\variant.cpp.o
                0x00001c54                SERCOM0_Handler
 .text.startup._GLOBAL__sub_I_g_APinDescription
                0x00001c64       0x54 C:\Users\Jan\AppData\Local\Temp\arduino\sketches\EF1FCF5726F47838FECC54526ED24E10\core\variant.cpp.o
 .text._ZN6SERCOMC2EP6Sercom
                0x00001cb8        0x4 C:\Users\Jan\AppData\Local\Temp\arduino\sketches\EF1FCF5726F47838FECC54526ED24E10/core\core.a(SERCOM.cpp.o)
                0x00001cb8                SERCOM::SERCOM(Sercom*)
                0x00001cb8                SERCOM::SERCOM(Sercom*)
 .text._ZN6SERCOM9initFrameE18SercomUartCharSize15SercomDataOrder16SercomParityMode19SercomNumberStopBit
                0x00001cbc       0x38 C:\Users\Jan\AppData\Local\Temp\arduino\sketches\EF1FCF5726F47838FECC54526ED24E10/core\core.a(SERCOM.cpp.o)
                0x00001cbc                SERCOM::initFrame(SercomUartCharSize, SercomDataOrder, SercomParityMode, SercomNumberStopBit)
 .text._ZN6SERCOM8initPadsE15SercomUartTXPad11SercomRXPad
                0x00001cf4       0x26 C:\Users\Jan\AppData\Local\Temp\arduino\sketches\EF1FCF5726F47838FECC54526ED24E10/core\core.a(SERCOM.cpp.o)
                0x00001cf4                SERCOM::initPads(SercomUartTXPad, SercomRXPad)
 .text._ZN6SERCOM9resetUARTEv
                0x00001d1a       0x1c C:\Users\Jan\AppData\Local\Temp\arduino\sketches\EF1FCF5726F47838FECC54526ED24E10/core\core.a(SERCOM.cpp.o)
                0x00001d1a                SERCOM::resetUART()
 .text._ZN6SERCOM10enableUARTEv
                0x00001d36       0x14 C:\Users\Jan\AppData\Local\Temp\arduino\sketches\EF1FCF5726F47838FECC54526ED24E10/core\core.a(SERCOM.cpp.o)
                0x00001d36                SERCOM::enableUART()
 .text._ZN6SERCOM9flushUARTEv
                0x00001d4a       0x10 C:\Users\Jan\AppData\Local\Temp\arduino\sketches\EF1FCF5726F47838FECC54526ED24E10/core\core.a(SERCOM.cpp.o)
                0x00001d4a                SERCOM::flushUART()
 .text._ZN6SERCOM15clearStatusUARTEv
                0x00001d5a        0x8 C:\Users\Jan\AppData\Local\Temp\arduino\sketches\EF1FCF5726F47838FECC54526ED24E10/core\core.a(SERCOM.cpp.o)
                0x00001d5a                SERCOM::clearStatusUART()
 .text._ZN6SERCOM17availableDataUARTEv
                0x00001d62        0xa C:\Users\Jan\AppData\Local\Temp\arduino\sketches\EF1FCF5726F47838FECC54526ED24E10/core\core.a(SERCOM.cpp.o)
                0x00001d62                SERCOM::availableDataUART()
 .text._ZN6SERCOM11isUARTErrorEv
                0x00001d6c        0x8 C:\Users\Jan\AppData\Local\Temp\arduino\sketches\EF1FCF5726F47838FECC54526ED24E10/core\core.a(SERCOM.cpp.o)
                0x00001d6c                SERCOM::isUARTError()
 .text._ZN6SERCOM20acknowledgeUARTErrorEv
                0x00001d74        0xe C:\Users\Jan\AppData\Local\Temp\arduino\sketches\EF1FCF5726F47838FECC54526ED24E10/core\core.a(SERCOM.cpp.o)
                0x00001d74                SERCOM::acknowledgeUARTError()
 .text._ZN6SERCOM23isDataRegisterEmptyUARTEv
                0x00001d82        0xa C:\Users\Jan\AppData\Local\Temp\arduino\sketches\EF1FCF5726F47838FECC54526ED24E10/core\core.a(SERCOM.cpp.o)
                0x00001d82                SERCOM::isDataRegisterEmptyUART()
 .text._ZN6SERCOM12readDataUARTEv
                0x00001d8c        0x8 C:\Users\Jan\AppData\Local\Temp\arduino\sketches\EF1FCF5726F47838FECC54526ED24E10/core\core.a(SERCOM.cpp.o)
                0x00001d8c                SERCOM::readDataUART()
 .text._ZN6SERCOM13writeDataUARTEh
                0x00001d94        0xe C:\Users\Jan\AppData\Local\Temp\arduino\sketches\EF1FCF5726F47838FECC54526ED24E10/core\core.a(SERCOM.cpp.o)
                0x00001d94                SERCOM::writeDataUART(unsigned char)
 .text._ZN6SERCOM36enableDataRegisterEmptyInterruptUARTEv
                0x00001da2        0x8 C:\Users\Jan\AppData\Local\Temp\arduino\sketches\EF1FCF5726F47838FECC54526ED24E10/core\core.a(SERCOM.cpp.o)
                0x00001da2                SERCOM::enableDataRegisterEmptyInterruptUART()
 .text._ZN6SERCOM37disableDataRegisterEmptyInterruptUARTEv
                0x00001daa        0x8 C:\Users\Jan\AppData\Local\Temp\arduino\sketches\EF1FCF5726F47838FECC54526ED24E10/core\core.a(SERCOM.cpp.o)
                0x00001daa                SERCOM::disableDataRegisterEmptyInterruptUART()
 *fill*         0x00001db2        0x2 
 .text._ZN6SERCOM13initClockNVICEv
                0x00001db4       0x88 C:\Users\Jan\AppData\Local\Temp\arduino\sketches\EF1FCF5726F47838FECC54526ED24E10/core\core.a(SERCOM.cpp.o)
                0x00001db4                SERCOM::initClockNVIC()
 .text._ZN6SERCOM8initUARTE14SercomUartMode20SercomUartSampleRatem
                0x00001e3c       0x6c C:\Users\Jan\AppData\Local\Temp\arduino\sketches\EF1FCF5726F47838FECC54526ED24E10/core\core.a(SERCOM.cpp.o)
                0x00001e3c                SERCOM::initUART(SercomUartMode, SercomUartSampleRate, unsigned long)
 .text._ZN6Stream9timedReadEv
                0x00001ea8       0x2a C:\Users\Jan\AppData\Local\Temp\arduino\sketches\EF1FCF5726F47838FECC54526ED24E10/core\core.a(Stream.cpp.o)
                0x00001ea8                Stream::timedRead()
 .text._ZN6Stream9readBytesEPcj
                0x00001ed2       0x28 C:\Users\Jan\AppData\Local\Temp\arduino\sketches\EF1FCF5726F47838FECC54526ED24E10/core\core.a(Stream.cpp.o)
                0x00001ed2                Stream::readBytes(char*, unsigned int)
 .text._ZN7Serial_17availableForWriteEv
                0x00001efa        0x4 C:\Users\Jan\AppData\Local\Temp\arduino\sketches\EF1FCF5726F47838FECC54526ED24E10/core\core.a(CDC.cpp.o)
                0x00001efa                Serial_::availableForWrite()
 .text._ZN7Serial_5writeEh
                0x00001efe       0x14 C:\Users\Jan\AppData\Local\Temp\arduino\sketches\EF1FCF5726F47838FECC54526ED24E10/core\core.a(CDC.cpp.o)
                0x00001efe                Serial_::write(unsigned char)
 .text._ZN7Serial_9availableEv
                0x00001f12        0xc C:\Users\Jan\AppData\Local\Temp\arduino\sketches\EF1FCF5726F47838FECC54526ED24E10/core\core.a(CDC.cpp.o)
                0x00001f12                Serial_::available()
 .text._ZN7Serial_5flushEv
                0x00001f1e        0xc C:\Users\Jan\AppData\Local\Temp\arduino\sketches\EF1FCF5726F47838FECC54526ED24E10/core\core.a(CDC.cpp.o)
                0x00001f1e                Serial_::flush()
 .text._ZN7Serial_5writeEPKhj
                0x00001f2a       0x1c C:\Users\Jan\AppData\Local\Temp\arduino\sketches\EF1FCF5726F47838FECC54526ED24E10/core\core.a(CDC.cpp.o)
                0x00001f2a                Serial_::write(unsigned char const*, unsigned int)
 *fill*         0x00001f46        0x2 
 .text._ZN7Serial_4peekEv
                0x00001f48       0x1c C:\Users\Jan\AppData\Local\Temp\arduino\sketches\EF1FCF5726F47838FECC54526ED24E10/core\core.a(CDC.cpp.o)
                0x00001f48                Serial_::peek()
 .text._ZN7Serial_4readEv
                0x00001f64       0x24 C:\Users\Jan\AppData\Local\Temp\arduino\sketches\EF1FCF5726F47838FECC54526ED24E10/core\core.a(CDC.cpp.o)
                0x00001f64                Serial_::read()
 .text._Z16CDC_GetInterfacePh
                0x00001f88       0x1c C:\Users\Jan\AppData\Local\Temp\arduino\sketches\EF1FCF5726F47838FECC54526ED24E10/core\core.a(CDC.cpp.o)
                0x00001f88                CDC_GetInterface(unsigned char*)
 .text._Z9CDC_SetupR8USBSetup
                0x00001fa4       0x60 C:\Users\Jan\AppData\Local\Temp\arduino\sketches\EF1FCF5726F47838FECC54526ED24E10/core\core.a(CDC.cpp.o)
                0x00001fa4                CDC_Setup(USBSetup&)
 .text._ZN7Serial_5beginEm
                0x00002004        0x2 C:\Users\Jan\AppData\Local\Temp\arduino\sketches\EF1FCF5726F47838FECC54526ED24E10/core\core.a(CDC.cpp.o)
                0x00002004                Serial_::begin(unsigned long)
 .text._ZN7Serial_9readBytesEPcj
                0x00002006       0x3c C:\Users\Jan\AppData\Local\Temp\arduino\sketches\EF1FCF5726F47838FECC54526ED24E10/core\core.a(CDC.cpp.o)
                0x00002006                Serial_::readBytes(char*, unsigned int)
 *fill*         0x00002042        0x2 
 .text._ZN7Serial_4baudEv
                0x00002044        0xc C:\Users\Jan\AppData\Local\Temp\arduino\sketches\EF1FCF5726F47838FECC54526ED24E10/core\core.a(CDC.cpp.o)
                0x00002044                Serial_::baud()
 .text._ZN7Serial_8stopbitsEv
                0x00002050        0xc C:\Users\Jan\AppData\Local\Temp\arduino\sketches\EF1FCF5726F47838FECC54526ED24E10/core\core.a(CDC.cpp.o)
                0x00002050                Serial_::stopbits()
 .text._ZN7Serial_10paritytypeEv
                0x0000205c        0xc C:\Users\Jan\AppData\Local\Temp\arduino\sketches\EF1FCF5726F47838FECC54526ED24E10/core\core.a(CDC.cpp.o)
                0x0000205c                Serial_::paritytype()
 .text._ZN7Serial_7numbitsEv
                0x00002068        0xc C:\Users\Jan\AppData\Local\Temp\arduino\sketches\EF1FCF5726F47838FECC54526ED24E10/core\core.a(CDC.cpp.o)
                0x00002068                Serial_::numbits()
 .text._ZN7Serial_3dtrEv
                0x00002074       0x10 C:\Users\Jan\AppData\Local\Temp\arduino\sketches\EF1FCF5726F47838FECC54526ED24E10/core\core.a(CDC.cpp.o)
                0x00002074                Serial_::dtr()
 .text.startup._GLOBAL__sub_I__Z17_CDC_GetInterfacev
                0x00002084       0x28 C:\Users\Jan\AppData\Local\Temp\arduino\sketches\EF1FCF5726F47838FECC54526ED24E10/core\core.a(CDC.cpp.o)
 .text._ZN26DoubleBufferedEPOutHandlerD2Ev
                0x000020ac        0xc C:\Users\Jan\AppData\Local\Temp\arduino\sketches\EF1FCF5726F47838FECC54526ED24E10/core\core.a(USBCore.cpp.o)
                0x000020ac                DoubleBufferedEPOutHandler::~DoubleBufferedEPOutHandler()
                0x000020ac                DoubleBufferedEPOutHandler::~DoubleBufferedEPOutHandler()
 .text._ZL5utox8mPc
                0x000020b8       0x1c C:\Users\Jan\AppData\Local\Temp\arduino\sketches\EF1FCF5726F47838FECC54526ED24E10/core\core.a(USBCore.cpp.o)
 .text._ZN26DoubleBufferedEPOutHandlerD0Ev
                0x000020d4       0x14 C:\Users\Jan\AppData\Local\Temp\arduino\sketches\EF1FCF5726F47838FECC54526ED24E10/core\core.a(USBCore.cpp.o)
                0x000020d4                DoubleBufferedEPOutHandler::~DoubleBufferedEPOutHandler()
 .text._ZN14USBDeviceClass6initEPEmm.part.4
                0x000020e8       0xc4 C:\Users\Jan\AppData\Local\Temp\arduino\sketches\EF1FCF5726F47838FECC54526ED24E10/core\core.a(USBCore.cpp.o)
 .text._ZN20USBDevice_SAMD21G18x5resetEv
                0x000021ac       0x28 C:\Users\Jan\AppData\Local\Temp\arduino\sketches\EF1FCF5726F47838FECC54526ED24E10/core\core.a(USBCore.cpp.o)
                0x000021ac                USBDevice_SAMD21G18x::reset()
 .text._ZN20USBDevice_SAMD21G18x9calibrateEv
                0x000021d4       0x5c C:\Users\Jan\AppData\Local\Temp\arduino\sketches\EF1FCF5726F47838FECC54526ED24E10/core\core.a(USBCore.cpp.o)
                0x000021d4                USBDevice_SAMD21G18x::calibrate()
 .text._ZN7__GuardC2Ev
                0x00002230        0xe C:\Users\Jan\AppData\Local\Temp\arduino\sketches\EF1FCF5726F47838FECC54526ED24E10/core\core.a(USBCore.cpp.o)
                0x00002230                __Guard::__Guard()
                0x00002230                __Guard::__Guard()
 .text._ZN7__GuardD2Ev
                0x0000223e        0xe C:\Users\Jan\AppData\Local\Temp\arduino\sketches\EF1FCF5726F47838FECC54526ED24E10/core\core.a(USBCore.cpp.o)
                0x0000223e                __Guard::~__Guard()
                0x0000223e                __Guard::~__Guard()
 .text._ZNK26DoubleBufferedEPOutHandler10_availableEv
                0x0000224c       0x6c C:\Users\Jan\AppData\Local\Temp\arduino\sketches\EF1FCF5726F47838FECC54526ED24E10/core\core.a(USBCore.cpp.o)
                0x0000224c                DoubleBufferedEPOutHandler::_available() const
 .text._ZN26DoubleBufferedEPOutHandler7releaseEv
                0x000022b8       0x38 C:\Users\Jan\AppData\Local\Temp\arduino\sketches\EF1FCF5726F47838FECC54526ED24E10/core\core.a(USBCore.cpp.o)
                0x000022b8                DoubleBufferedEPOutHandler::release()
 .text._ZN26DoubleBufferedEPOutHandler5_recvEv
                0x000022f0      0x15a C:\Users\Jan\AppData\Local\Temp\arduino\sketches\EF1FCF5726F47838FECC54526ED24E10/core\core.a(USBCore.cpp.o)
                0x000022f0                DoubleBufferedEPOutHandler::_recv()
 .text._ZN26DoubleBufferedEPOutHandler4recvEPvm
                0x0000244a       0x4c C:\Users\Jan\AppData\Local\Temp\arduino\sketches\EF1FCF5726F47838FECC54526ED24E10/core\core.a(USBCore.cpp.o)
                0x0000244a                DoubleBufferedEPOutHandler::recv(void*, unsigned long)
 .text._ZN26DoubleBufferedEPOutHandler9availableEv
                0x00002496       0x12 C:\Users\Jan\AppData\Local\Temp\arduino\sketches\EF1FCF5726F47838FECC54526ED24E10/core\core.a(USBCore.cpp.o)
                0x00002496                DoubleBufferedEPOutHandler::available()
 .text._ZN26DoubleBufferedEPOutHandler4peekEv
                0x000024a8       0x12 C:\Users\Jan\AppData\Local\Temp\arduino\sketches\EF1FCF5726F47838FECC54526ED24E10/core\core.a(USBCore.cpp.o)
                0x000024a8                DoubleBufferedEPOutHandler::peek()
 .text._ZN26DoubleBufferedEPOutHandler14handleEndpointEv
                0x000024ba       0xd2 C:\Users\Jan\AppData\Local\Temp\arduino\sketches\EF1FCF5726F47838FECC54526ED24E10/core\core.a(USBCore.cpp.o)
                0x000024ba                DoubleBufferedEPOutHandler::handleEndpoint()
 .text._ZN14USBDeviceClass14SendInterfacesEPm
                0x0000258c       0x1c C:\Users\Jan\AppData\Local\Temp\arduino\sketches\EF1FCF5726F47838FECC54526ED24E10/core\core.a(USBCore.cpp.o)
                0x0000258c                USBDeviceClass::SendInterfaces(unsigned long*)
 .text._ZN14USBDeviceClass14handleEndpointEh
                0x000025a8       0x40 C:\Users\Jan\AppData\Local\Temp\arduino\sketches\EF1FCF5726F47838FECC54526ED24E10/core\core.a(USBCore.cpp.o)
                0x000025a8                USBDeviceClass::handleEndpoint(unsigned char)
 .text._ZN14USBDeviceClass4initEv
                0x000025e8       0xc4 C:\Users\Jan\AppData\Local\Temp\arduino\sketches\EF1FCF5726F47838FECC54526ED24E10/core\core.a(USBCore.cpp.o)
                0x000025e8                USBDeviceClass::init()
 .text._ZN14USBDeviceClass6attachEv
                0x000026ac       0x34 C:\Users\Jan\AppData\Local\Temp\arduino\sketches\EF1FCF5726F47838FECC54526ED24E10/core\core.a(USBCore.cpp.o)
                0x000026ac                USBDeviceClass::attach()
 .text._ZN14USBDeviceClass10setAddressEm
                0x000026e0       0x48 C:\Users\Jan\AppData\Local\Temp\arduino\sketches\EF1FCF5726F47838FECC54526ED24E10/core\core.a(USBCore.cpp.o)
                0x000026e0                USBDeviceClass::setAddress(unsigned long)
 .text._ZN14USBDeviceClass25handleClassInterfaceSetupER8USBSetup
                0x00002728       0x28 C:\Users\Jan\AppData\Local\Temp\arduino\sketches\EF1FCF5726F47838FECC54526ED24E10/core\core.a(USBCore.cpp.o)
                0x00002728                USBDeviceClass::handleClassInterfaceSetup(USBSetup&)
 .text._ZN14USBDeviceClass6initEPEmm
                0x00002750      0x100 C:\Users\Jan\AppData\Local\Temp\arduino\sketches\EF1FCF5726F47838FECC54526ED24E10/core\core.a(USBCore.cpp.o)
                0x00002750                USBDeviceClass::initEP(unsigned long, unsigned long)
 .text._ZN14USBDeviceClass13initEndpointsEv
                0x00002850       0x24 C:\Users\Jan\AppData\Local\Temp\arduino\sketches\EF1FCF5726F47838FECC54526ED24E10/core\core.a(USBCore.cpp.o)
                0x00002850                USBDeviceClass::initEndpoints()
 .text._ZN14USBDeviceClass9availableEm
                0x00002874       0x2c C:\Users\Jan\AppData\Local\Temp\arduino\sketches\EF1FCF5726F47838FECC54526ED24E10/core\core.a(USBCore.cpp.o)
                0x00002874                USBDeviceClass::available(unsigned long)
 .text._ZN14USBDeviceClass5flushEm
                0x000028a0       0x2c C:\Users\Jan\AppData\Local\Temp\arduino\sketches\EF1FCF5726F47838FECC54526ED24E10/core\core.a(USBCore.cpp.o)
                0x000028a0                USBDeviceClass::flush(unsigned long)
 .text._ZN14USBDeviceClass14armRecvCtrlOUTEm
                0x000028cc       0x60 C:\Users\Jan\AppData\Local\Temp\arduino\sketches\EF1FCF5726F47838FECC54526ED24E10/core\core.a(USBCore.cpp.o)
                0x000028cc                USBDeviceClass::armRecvCtrlOUT(unsigned long)
 .text._ZN14USBDeviceClass11recvControlEPvm
                0x0000292c       0x3c C:\Users\Jan\AppData\Local\Temp\arduino\sketches\EF1FCF5726F47838FECC54526ED24E10/core\core.a(USBCore.cpp.o)
                0x0000292c                USBDeviceClass::recvControl(void*, unsigned long)
 .text._ZN14USBDeviceClass7armRecvEm
                0x00002968       0x3c C:\Users\Jan\AppData\Local\Temp\arduino\sketches\EF1FCF5726F47838FECC54526ED24E10/core\core.a(USBCore.cpp.o)
                0x00002968                USBDeviceClass::armRecv(unsigned long)
 .text._ZN14USBDeviceClass4recvEmPvm
                0x000029a4       0xd8 C:\Users\Jan\AppData\Local\Temp\arduino\sketches\EF1FCF5726F47838FECC54526ED24E10/core\core.a(USBCore.cpp.o)
                0x000029a4                USBDeviceClass::recv(unsigned long, void*, unsigned long)
 .text._ZN14USBDeviceClass4recvEm
                0x00002a7c       0x1c C:\Users\Jan\AppData\Local\Temp\arduino\sketches\EF1FCF5726F47838FECC54526ED24E10/core\core.a(USBCore.cpp.o)
                0x00002a7c                USBDeviceClass::recv(unsigned long)
 .text._ZN14USBDeviceClass4sendEmPKvm
                0x00002a98      0x124 C:\Users\Jan\AppData\Local\Temp\arduino\sketches\EF1FCF5726F47838FECC54526ED24E10/core\core.a(USBCore.cpp.o)
                0x00002a98                USBDeviceClass::send(unsigned long, void const*, unsigned long)
 .text._ZN14USBDeviceClass7armSendEmPKvm
                0x00002bbc       0x48 C:\Users\Jan\AppData\Local\Temp\arduino\sketches\EF1FCF5726F47838FECC54526ED24E10/core\core.a(USBCore.cpp.o)
                0x00002bbc                USBDeviceClass::armSend(unsigned long, void const*, unsigned long)
 .text._ZN14USBDeviceClass11sendControlEPKvm
                0x00002c04       0x58 C:\Users\Jan\AppData\Local\Temp\arduino\sketches\EF1FCF5726F47838FECC54526ED24E10/core\core.a(USBCore.cpp.o)
                0x00002c04                USBDeviceClass::sendControl(void const*, unsigned long)
 .text._ZN14USBDeviceClass20sendStringDescriptorEPKhh
                0x00002c5c       0x68 C:\Users\Jan\AppData\Local\Temp\arduino\sketches\EF1FCF5726F47838FECC54526ED24E10/core\core.a(USBCore.cpp.o)
                0x00002c5c                USBDeviceClass::sendStringDescriptor(unsigned char const*, unsigned char)
 .text._ZN14USBDeviceClass12packMessagesEb.part.6
                0x00002cc4       0x20 C:\Users\Jan\AppData\Local\Temp\arduino\sketches\EF1FCF5726F47838FECC54526ED24E10/core\core.a(USBCore.cpp.o)
 .text._ZN14USBDeviceClass17sendConfigurationEm
                0x00002ce4       0x90 C:\Users\Jan\AppData\Local\Temp\arduino\sketches\EF1FCF5726F47838FECC54526ED24E10/core\core.a(USBCore.cpp.o)
                0x00002ce4                USBDeviceClass::sendConfiguration(unsigned long)
 .text._ZN14USBDeviceClass14sendDescriptorER8USBSetup
                0x00002d74       0xd4 C:\Users\Jan\AppData\Local\Temp\arduino\sketches\EF1FCF5726F47838FECC54526ED24E10/core\core.a(USBCore.cpp.o)
                0x00002d74                USBDeviceClass::sendDescriptor(USBSetup&)
 .text._ZN14USBDeviceClass19handleStandardSetupER8USBSetup
                0x00002e48      0x118 C:\Users\Jan\AppData\Local\Temp\arduino\sketches\EF1FCF5726F47838FECC54526ED24E10/core\core.a(USBCore.cpp.o)
                0x00002e48                USBDeviceClass::handleStandardSetup(USBSetup&)
 .text._ZN14USBDeviceClass10ISRHandlerEv
                0x00002f60      0x150 C:\Users\Jan\AppData\Local\Temp\arduino\sketches\EF1FCF5726F47838FECC54526ED24E10/core\core.a(USBCore.cpp.o)
                0x00002f60                USBDeviceClass::ISRHandler()
 .text.UDD_Handler
                0x000030b0       0x10 C:\Users\Jan\AppData\Local\Temp\arduino\sketches\EF1FCF5726F47838FECC54526ED24E10/core\core.a(USBCore.cpp.o)
                0x000030b0                UDD_Handler
 .text.startup._GLOBAL__sub_I__ZN20USBDevice_SAMD21G18x5resetEv
                0x000030c0       0x10 C:\Users\Jan\AppData\Local\Temp\arduino\sketches\EF1FCF5726F47838FECC54526ED24E10/core\core.a(USBCore.cpp.o)
 .text._ZN4UartcvbEv
                0x000030d0        0x4 C:\Users\Jan\AppData\Local\Temp\arduino\sketches\EF1FCF5726F47838FECC54526ED24E10/core\core.a(Uart.cpp.o)
                0x000030d0                Uart::operator bool()
 .text._ZN4Uart5beginEm
                0x000030d4       0x10 C:\Users\Jan\AppData\Local\Temp\arduino\sketches\EF1FCF5726F47838FECC54526ED24E10/core\core.a(Uart.cpp.o)
                0x000030d4                Uart::begin(unsigned long)
 .text._ZN4Uart3endEv
                0x000030e4       0x1c C:\Users\Jan\AppData\Local\Temp\arduino\sketches\EF1FCF5726F47838FECC54526ED24E10/core\core.a(Uart.cpp.o)
                0x000030e4                Uart::end()
 .text._ZN4Uart9availableEv
                0x00003100        0xa C:\Users\Jan\AppData\Local\Temp\arduino\sketches\EF1FCF5726F47838FECC54526ED24E10/core\core.a(Uart.cpp.o)
                0x00003100                Uart::available()
 .text._ZN4Uart5flushEv
                0x0000310a       0x18 C:\Users\Jan\AppData\Local\Temp\arduino\sketches\EF1FCF5726F47838FECC54526ED24E10/core\core.a(Uart.cpp.o)
                0x0000310a                Uart::flush()
 .text._ZN4Uart17availableForWriteEv
                0x00003122        0xa C:\Users\Jan\AppData\Local\Temp\arduino\sketches\EF1FCF5726F47838FECC54526ED24E10/core\core.a(Uart.cpp.o)
                0x00003122                Uart::availableForWrite()
 .text._ZN4Uart4readEv
                0x0000312c       0x2e C:\Users\Jan\AppData\Local\Temp\arduino\sketches\EF1FCF5726F47838FECC54526ED24E10/core\core.a(Uart.cpp.o)
                0x0000312c                Uart::read()
 .text._ZN4Uart4peekEv
                0x0000315a        0xa C:\Users\Jan\AppData\Local\Temp\arduino\sketches\EF1FCF5726F47838FECC54526ED24E10/core\core.a(Uart.cpp.o)
                0x0000315a                Uart::peek()
 .text._ZN4UartC2EP6SERCOMhh11SercomRXPad15SercomUartTXPadhh
                0x00003164       0x68 C:\Users\Jan\AppData\Local\Temp\arduino\sketches\EF1FCF5726F47838FECC54526ED24E10/core\core.a(Uart.cpp.o)
                0x00003164                Uart::Uart(SERCOM*, unsigned char, unsigned char, SercomRXPad, SercomUartTXPad, unsigned char, unsigned char)
                0x00003164                Uart::Uart(SERCOM*, unsigned char, unsigned char, SercomRXPad, SercomUartTXPad, unsigned char, unsigned char)
 .text._ZN4UartC2EP6SERCOMhh11SercomRXPad15SercomUartTXPad
                0x000031cc       0x24 C:\Users\Jan\AppData\Local\Temp\arduino\sketches\EF1FCF5726F47838FECC54526ED24E10/core\core.a(Uart.cpp.o)
                0x000031cc                Uart::Uart(SERCOM*, unsigned char, unsigned char, SercomRXPad, SercomUartTXPad)
                0x000031cc                Uart::Uart(SERCOM*, unsigned char, unsigned char, SercomRXPad, SercomUartTXPad)
 .text._ZN4Uart10IrqHandlerEv
                0x000031f0       0x80 C:\Users\Jan\AppData\Local\Temp\arduino\sketches\EF1FCF5726F47838FECC54526ED24E10/core\core.a(Uart.cpp.o)
                0x000031f0                Uart::IrqHandler()
 .text._ZN4Uart5writeEh
                0x00003270       0x9c C:\Users\Jan\AppData\Local\Temp\arduino\sketches\EF1FCF5726F47838FECC54526ED24E10/core\core.a(Uart.cpp.o)
                0x00003270                Uart::write(unsigned char)
 .text._ZN4Uart16extractNbStopBitEt
                0x0000330c        0xe C:\Users\Jan\AppData\Local\Temp\arduino\sketches\EF1FCF5726F47838FECC54526ED24E10/core\core.a(Uart.cpp.o)
                0x0000330c                Uart::extractNbStopBit(unsigned short)
 .text._ZN4Uart15extractCharSizeEt
                0x0000331a       0x2c C:\Users\Jan\AppData\Local\Temp\arduino\sketches\EF1FCF5726F47838FECC54526ED24E10/core\core.a(Uart.cpp.o)
                0x0000331a                Uart::extractCharSize(unsigned short)
 .text._ZN4Uart13extractParityEt
                0x00003346       0x18 C:\Users\Jan\AppData\Local\Temp\arduino\sketches\EF1FCF5726F47838FECC54526ED24E10/core\core.a(Uart.cpp.o)
                0x00003346                Uart::extractParity(unsigned short)
 *fill*         0x0000335e        0x2 
 .text._ZN4Uart5beginEmt
                0x00003360       0xd0 C:\Users\Jan\AppData\Local\Temp\arduino\sketches\EF1FCF5726F47838FECC54526ED24E10/core\core.a(Uart.cpp.o)
                0x00003360                Uart::begin(unsigned long, unsigned short)
 .text.Dummy_Handler
                0x00003430        0x2 C:\Users\Jan\AppData\Local\Temp\arduino\sketches\EF1FCF5726F47838FECC54526ED24E10/core\core.a(cortex_handlers.c.o)
                0x00003430                DebugMon_Handler
                0x00003430                DMAC_Handler
                0x00003430                TRNG_Handler
                0x00003430                TC2_Handler
                0x00003430                AC_Handler
                0x00003430                PendSV_Handler
                0x00003430                NMI_Handler
                0x00003430                TC7_Handler
                0x00003430                ADC_Handler
                0x00003430                TCC1_Handler
                0x00003430                SERCOM2_Handler
                0x00003430                TCC0_Handler
                0x00003430                RTC_Handler
                0x00003430                UsageFault_Handler
                0x00003430                ADC1_Handler
                0x00003430                EIC_Handler
                0x00003430                TC6_Handler
                0x00003430                WDT_Handler
                0x00003430                CAN0_Handler
                0x00003430                TC4_Handler
                0x00003430                TC1_Handler
                0x00003430                TC3_Handler
                0x00003430                SDADC_Handler
                0x00003430                Dummy_Handler
                0x00003430                PM_Handler
                0x00003430                SERCOM5_Handler
                0x00003430                CAN1_Handler
                0x00003430                ADC0_Handler
                0x00003430                MemManage_Handler
                0x00003430                TSENS_Handler
                0x00003430                SVC_Handler
                0x00003430                TCC2_Handler
                0x00003430                EVSYS_Handler
                0x00003430                SERCOM3_Handler
                0x00003430                SERCOM4_Handler
                0x00003430                I2S_Handler
                0x00003430                NVMCTRL_Handler
                0x00003430                SYSTEM_Handler
                0x00003430                DAC_Handler
                0x00003430                PTC_Handler
                0x00003430                BusFault_Handler
                0x00003430                FREQM_Handler
                0x00003430                TC0_Handler
                0x00003430                TC5_Handler
                0x00003430                AES_Handler
                0x00003430                SYSCTRL_Handler
 *fill*         0x00003432        0x2 
 .text.USB_Handler
                0x00003434       0x14 C:\Users\Jan\AppData\Local\Temp\arduino\sketches\EF1FCF5726F47838FECC54526ED24E10/core\core.a(cortex_handlers.c.o)
                0x00003434                USB_Handler
 .text.HardFault_Handler
                0x00003448        0x4 C:\Users\Jan\AppData\Local\Temp\arduino\sketches\EF1FCF5726F47838FECC54526ED24E10/core\core.a(cortex_handlers.c.o)
                0x00003448                HardFault_Handler
 .text.Reset_Handler
                0x0000344c       0x74 C:\Users\Jan\AppData\Local\Temp\arduino\sketches\EF1FCF5726F47838FECC54526ED24E10/core\core.a(cortex_handlers.c.o)
                0x0000344c                Reset_Handler
 .text.SysTick_Handler
                0x000034c0       0x10 C:\Users\Jan\AppData\Local\Temp\arduino\sketches\EF1FCF5726F47838FECC54526ED24E10/core\core.a(cortex_handlers.c.o)
                0x000034c0                SysTick_Handler
 .text.USB_SetHandler
                0x000034d0        0xc C:\Users\Jan\AppData\Local\Temp\arduino\sketches\EF1FCF5726F47838FECC54526ED24E10/core\core.a(cortex_handlers.c.o)
                0x000034d0                USB_SetHandler
 .text.millis   0x000034dc        0xc C:\Users\Jan\AppData\Local\Temp\arduino\sketches\EF1FCF5726F47838FECC54526ED24E10/core\core.a(delay.c.o)
                0x000034dc                millis
 .text.delay    0x000034e8       0x20 C:\Users\Jan\AppData\Local\Temp\arduino\sketches\EF1FCF5726F47838FECC54526ED24E10/core\core.a(delay.c.o)
                0x000034e8                delay
 .text.SysTick_DefaultHandler
                0x00003508       0x14 C:\Users\Jan\AppData\Local\Temp\arduino\sketches\EF1FCF5726F47838FECC54526ED24E10/core\core.a(delay.c.o)
                0x00003508                SysTick_DefaultHandler
 .text.__empty  0x0000351c        0x2 C:\Users\Jan\AppData\Local\Temp\arduino\sketches\EF1FCF5726F47838FECC54526ED24E10/core\core.a(hooks.c.o)
                0x0000351c                yield
 .text.__false  0x0000351e        0x4 C:\Users\Jan\AppData\Local\Temp\arduino\sketches\EF1FCF5726F47838FECC54526ED24E10/core\core.a(hooks.c.o)
                0x0000351e                sysTickHook
 .text._Z11initVariantv
                0x00003522        0x2 C:\Users\Jan\AppData\Local\Temp\arduino\sketches\EF1FCF5726F47838FECC54526ED24E10/core\core.a(main.cpp.o)
                0x00003522                initVariant()
 .text.startup.main
                0x00003524       0x40 C:\Users\Jan\AppData\Local\Temp\arduino\sketches\EF1FCF5726F47838FECC54526ED24E10/core\core.a(main.cpp.o)
                0x00003524                main
 .text._Znwj    0x00003564        0x8 C:\Users\Jan\AppData\Local\Temp\arduino\sketches\EF1FCF5726F47838FECC54526ED24E10/core\core.a(new.cpp.o)
                0x00003564                operator new(unsigned int)
 .text._ZdlPv   0x0000356c        0x8 C:\Users\Jan\AppData\Local\Temp\arduino\sketches\EF1FCF5726F47838FECC54526ED24E10/core\core.a(new.cpp.o)
                0x0000356c                operator delete(void*)
 .text.waitForSync
                0x00003574       0x10 C:\Users\Jan\AppData\Local\Temp\arduino\sketches\EF1FCF5726F47838FECC54526ED24E10/core\core.a(startup.c.o)
                0x00003574                waitForSync
 .text.waitForDFLL
                0x00003584       0x10 C:\Users\Jan\AppData\Local\Temp\arduino\sketches\EF1FCF5726F47838FECC54526ED24E10/core\core.a(startup.c.o)
                0x00003584                waitForDFLL
 .text.SystemInit
                0x00003594       0x7c C:\Users\Jan\AppData\Local\Temp\arduino\sketches\EF1FCF5726F47838FECC54526ED24E10/core\core.a(startup.c.o)
                0x00003594                SystemInit
 .text.init     0x00003610       0x60 C:\Users\Jan\AppData\Local\Temp\arduino\sketches\EF1FCF5726F47838FECC54526ED24E10/core\core.a(wiring.c.o)
                0x00003610                init
 .text.pinMode  0x00003670        0x8 C:\Users\Jan\AppData\Local\Temp\arduino\sketches\EF1FCF5726F47838FECC54526ED24E10/core\core.a(wiring_digital.c.o)
                0x00003670                pinMode
 .text.digitalWrite
                0x00003678       0x6c C:\Users\Jan\AppData\Local\Temp\arduino\sketches\EF1FCF5726F47838FECC54526ED24E10/core\core.a(wiring_digital.c.o)
                0x00003678                digitalWrite
 .text.pinPeripheral
                0x000036e4      0x114 C:\Users\Jan\AppData\Local\Temp\arduino\sketches\EF1FCF5726F47838FECC54526ED24E10/core\core.a(wiring_private.c.o)
                0x000036e4                pinPeripheral
 .text._ZN5Print5writeEPKhj
                0x000037f8       0x28 C:\Users\Jan\AppData\Local\Temp\arduino\sketches\EF1FCF5726F47838FECC54526ED24E10/core\core.a(Print.cpp.o)
                0x000037f8                Print::write(unsigned char const*, unsigned int)
 .text.tickReset
                0x00003820       0x20 C:\Users\Jan\AppData\Local\Temp\arduino\sketches\EF1FCF5726F47838FECC54526ED24E10/core\core.a(Reset.cpp.o)
                0x00003820                tickReset
 .text._ZN10RingBufferC2Ev
                0x00003840       0x1e C:\Users\Jan\AppData\Local\Temp\arduino\sketches\EF1FCF5726F47838FECC54526ED24E10/core\core.a(RingBuffer.cpp.o)
                0x00003840                RingBuffer::RingBuffer()
                0x00003840                RingBuffer::RingBuffer()
 .text._ZN10RingBuffer10store_charEh
                0x0000385e       0x1a C:\Users\Jan\AppData\Local\Temp\arduino\sketches\EF1FCF5726F47838FECC54526ED24E10/core\core.a(RingBuffer.cpp.o)
                0x0000385e                RingBuffer::store_char(unsigned char)
 .text._ZN10RingBuffer5clearEv
                0x00003878        0x8 C:\Users\Jan\AppData\Local\Temp\arduino\sketches\EF1FCF5726F47838FECC54526ED24E10/core\core.a(RingBuffer.cpp.o)
                0x00003878                RingBuffer::clear()
 .text._ZN10RingBuffer9read_charEv
                0x00003880       0x22 C:\Users\Jan\AppData\Local\Temp\arduino\sketches\EF1FCF5726F47838FECC54526ED24E10/core\core.a(RingBuffer.cpp.o)
                0x00003880                RingBuffer::read_char()
 .text._ZN10RingBuffer9availableEv
                0x000038a2        0xc C:\Users\Jan\AppData\Local\Temp\arduino\sketches\EF1FCF5726F47838FECC54526ED24E10/core\core.a(RingBuffer.cpp.o)
                0x000038a2                RingBuffer::available()
 .text._ZN10RingBuffer17availableForStoreEv
                0x000038ae       0x1c C:\Users\Jan\AppData\Local\Temp\arduino\sketches\EF1FCF5726F47838FECC54526ED24E10/core\core.a(RingBuffer.cpp.o)
                0x000038ae                RingBuffer::availableForStore()
 .text._ZN10RingBuffer4peekEv
                0x000038ca       0x16 C:\Users\Jan\AppData\Local\Temp\arduino\sketches\EF1FCF5726F47838FECC54526ED24E10/core\core.a(RingBuffer.cpp.o)
                0x000038ca                RingBuffer::peek()
 .text._ZN10RingBuffer6isFullEv
                0x000038e0       0x14 C:\Users\Jan\AppData\Local\Temp\arduino\sketches\EF1FCF5726F47838FECC54526ED24E10/core\core.a(RingBuffer.cpp.o)
                0x000038e0                RingBuffer::isFull()
 .text          0x000038f4       0x14 c:/users/jan/appdata/local/arduino15/packages/arduino/tools/arm-none-eabi-gcc/4.8.3-2014q1/bin/../lib/gcc/arm-none-eabi/4.8.3/armv6-m\libgcc.a(_thumb1_case_uqi.o)
                0x000038f4                __gnu_thumb1_case_uqi
 .text          0x00003908       0x9c c:/users/jan/appdata/local/arduino15/packages/arduino/tools/arm-none-eabi-gcc/4.8.3-2014q1/bin/../lib/gcc/arm-none-eabi/4.8.3/armv6-m\libgcc.a(_udivsi3.o)
                0x00003908                __aeabi_uidiv
                0x00003908                __udivsi3
                0x00003990                __aeabi_uidivmod
 .text          0x000039a4        0x4 c:/users/jan/appdata/local/arduino15/packages/arduino/tools/arm-none-eabi-gcc/4.8.3-2014q1/bin/../lib/gcc/arm-none-eabi/4.8.3/armv6-m\libgcc.a(_dvmd_tls.o)
                0x000039a4                __aeabi_idiv0
                0x000039a4                __aeabi_ldiv0
 .text.__libc_init_array
                0x000039a8       0x4c c:/users/jan/appdata/local/arduino15/packages/arduino/tools/arm-none-eabi-gcc/4.8.3-2014q1/bin/../lib/gcc/arm-none-eabi/4.8.3/../../../../arm-none-eabi/lib/armv6-m\libc_s.a(lib_a-init.o)
                0x000039a8                __libc_init_array
 .text.malloc   0x000039f4       0x14 c:/users/jan/appdata/local/arduino15/packages/arduino/tools/arm-none-eabi-gcc/4.8.3-2014q1/bin/../lib/gcc/arm-none-eabi/4.8.3/../../../../arm-none-eabi/lib/armv6-m\libc_s.a(lib_a-malloc.o)
                0x000039f4                malloc
 .text.free     0x00003a08       0x14 c:/users/jan/appdata/local/arduino15/packages/arduino/tools/arm-none-eabi-gcc/4.8.3-2014q1/bin/../lib/gcc/arm-none-eabi/4.8.3/../../../../arm-none-eabi/lib/armv6-m\libc_s.a(lib_a-malloc.o)
                0x00003a08                free
 .text.memcpy   0x00003a1c       0x12 c:/users/jan/appdata/local/arduino15/packages/arduino/tools/arm-none-eabi-gcc/4.8.3-2014q1/bin/../lib/gcc/arm-none-eabi/4.8.3/../../../../arm-none-eabi/lib/armv6-m\libc_s.a(lib_a-memcpy-stub.o)
                0x00003a1c                memcpy
 .text.memset   0x00003a2e       0x10 c:/users/jan/appdata/local/arduino15/packages/arduino/tools/arm-none-eabi-gcc/4.8.3-2014q1/bin/../lib/gcc/arm-none-eabi/4.8.3/../../../../arm-none-eabi/lib/armv6-m\libc_s.a(lib_a-memset.o)
                0x00003a2e                memset
 *fill*         0x00003a3e        0x2 
 .text._free_r  0x00003a40       0x90 c:/users/jan/appdata/local/arduino15/packages/arduino/tools/arm-none-eabi-gcc/4.8.3-2014q1/bin/../lib/gcc/arm-none-eabi/4.8.3/../../../../arm-none-eabi/lib/armv6-m\libc_s.a(lib_a-nano-freer.o)
                0x00003a40                _free_r
 .text._malloc_r
                0x00003ad0       0xa8 c:/users/jan/appdata/local/arduino15/packages/arduino/tools/arm-none-eabi-gcc/4.8.3-2014q1/bin/../lib/gcc/arm-none-eabi/4.8.3/../../../../arm-none-eabi/lib/armv6-m\libc_s.a(lib_a-nano-mallocr.o)
                0x00003ad0                _malloc_r
 .text._sbrk_r  0x00003b78       0x24 c:/users/jan/appdata/local/arduino15/packages/arduino/tools/arm-none-eabi-gcc/4.8.3-2014q1/bin/../lib/gcc/arm-none-eabi/4.8.3/../../../../arm-none-eabi/lib/armv6-m\libc_s.a(lib_a-sbrkr.o)
                0x00003b78                _sbrk_r
 .text.strlen   0x00003b9c        0xe c:/users/jan/appdata/local/arduino15/packages/arduino/tools/arm-none-eabi-gcc/4.8.3-2014q1/bin/../lib/gcc/arm-none-eabi/4.8.3/../../../../arm-none-eabi/lib/armv6-m\libc_s.a(lib_a-strlen.o)
                0x00003b9c                strlen
 *fill*         0x00003baa        0x2 
 .text._sbrk    0x00003bac       0x34 c:/users/jan/appdata/local/arduino15/packages/arduino/tools/arm-none-eabi-gcc/4.8.3-2014q1/bin/../lib/gcc/arm-none-eabi/4.8.3/../../../../arm-none-eabi/lib/armv6-m\libnosys.a(sbrk.o)
                0x00003bac                _sbrk
 *(.init)
 .init          0x00003be0        0x4 c:/users/jan/appdata/local/arduino15/packages/arduino/tools/arm-none-eabi-gcc/4.8.3-2014q1/bin/../lib/gcc/arm-none-eabi/4.8.3/armv6-m/crti.o
                0x00003be0                _init
 .init          0x00003be4        0x8 c:/users/jan/appdata/local/arduino15/packages/arduino/tools/arm-none-eabi-gcc/4.8.3-2014q1/bin/../lib/gcc/arm-none-eabi/4.8.3/armv6-m/crtn.o
 *(.fini)
 .fini          0x00003bec        0x4 c:/users/jan/appdata/local/arduino15/packages/arduino/tools/arm-none-eabi-gcc/4.8.3-2014q1/bin/../lib/gcc/arm-none-eabi/4.8.3/armv6-m/crti.o
                0x00003bec                _fini
 .fini          0x00003bf0        0x8 c:/users/jan/appdata/local/arduino15/packages/arduino/tools/arm-none-eabi-gcc/4.8.3-2014q1/bin/../lib/gcc/arm-none-eabi/4.8.3/armv6-m/crtn.o
 *crtbegin.o(.ctors)
 *crtbegin?.o(.ctors)
 *(EXCLUDE_FILE(*crtend.o *crtend?.o) .ctors)
 *(SORT(.ctors.*))
 *(.ctors)
 *crtbegin.o(.dtors)
 *crtbegin?.o(.dtors)
 *(EXCLUDE_FILE(*crtend.o *crtend?.o) .dtors)
 *(SORT(.dtors.*))
 *(.dtors)
 *(.rodata*)
 .rodata._ZN12_GLOBAL__N_1L9crc_tableE
                0x00003bf8      0x200 C:\Users\Jan\AppData\Local\Temp\arduino\sketches\EF1FCF5726F47838FECC54526ED24E10\sketch\crc16.cpp.o
 .rodata.g_APinDescription
                0x00003df8       0x1c C:\Users\Jan\AppData\Local\Temp\arduino\sketches\EF1FCF5726F47838FECC54526ED24E10\core\variant.cpp.o
                0x00003df8                g_APinDescription
 *fill*         0x00003e14        0x4 
 .rodata._ZTV7Serial_
                0x00003e18       0x28 C:\Users\Jan\AppData\Local\Temp\arduino\sketches\EF1FCF5726F47838FECC54526ED24E10/core\core.a(CDC.cpp.o)
                0x00003e18                vtable for Serial_
 .rodata._ZTV26DoubleBufferedEPOutHandler
                0x00003e40       0x28 C:\Users\Jan\AppData\Local\Temp\arduino\sketches\EF1FCF5726F47838FECC54526ED24E10/core\core.a(USBCore.cpp.o)
                0x00003e40                vtable for DoubleBufferedEPOutHandler
 .rodata._ZL19STRING_MANUFACTURER
                0x00003e68        0xc C:\Users\Jan\AppData\Local\Temp\arduino\sketches\EF1FCF5726F47838FECC54526ED24E10/core\core.a(USBCore.cpp.o)
 .rodata._ZL15STRING_LANGUAGE
                0x00003e74        0x4 C:\Users\Jan\AppData\Local\Temp\arduino\sketches\EF1FCF5726F47838FECC54526ED24E10/core\core.a(USBCore.cpp.o)
 .rodata._ZL21USB_DeviceDescriptorC
                0x00003e78       0x12 C:\Users\Jan\AppData\Local\Temp\arduino\sketches\EF1FCF5726F47838FECC54526ED24E10/core\core.a(USBCore.cpp.o)
 .rodata._ZL14STRING_PRODUCT
                0x00003e8a       0x13 C:\Users\Jan\AppData\Local\Temp\arduino\sketches\EF1FCF5726F47838FECC54526ED24E10/core\core.a(USBCore.cpp.o)
 *fill*         0x00003e9d        0x3 
 .rodata._ZTV4Uart
                0x00003ea0       0x38 C:\Users\Jan\AppData\Local\Temp\arduino\sketches\EF1FCF5726F47838FECC54526ED24E10/core\core.a(Uart.cpp.o)
                0x00003ea0                vtable for Uart
 .rodata.str1.1
                0x00003ed8        0x2 c:/users/jan/appdata/local/arduino15/packages/arduino/tools/arm-none-eabi-gcc/4.8.3-2014q1/bin/../lib/gcc/arm-none-eabi/4.8.3/../../../../arm-none-eabi/lib/armv6-m\libc_s.a(lib_a-impure.o)
 *(.eh_frame*)
 *fill*         0x00003eda        0x2 
 .eh_frame      0x00003edc        0x0 c:/users/jan/appdata/local/arduino15/packages/arduino/tools/arm-none-eabi-gcc/4.8.3-2014q1/bin/../lib/gcc/arm-none-eabi/4.8.3/armv6-m/crtbegin.o
 .eh_frame      0x00003edc        0x4 c:/users/jan/appdata/local/arduino15/packages/arduino/tools/arm-none-eabi-gcc/4.8.3-2014q1/bin/../lib/gcc/arm-none-eabi/4.8.3/armv6-m/crtend.o

.glue_7         0x00003ee0        0x0
 .glue_7        0x00000000        0x0 linker stubs

.glue_7t        0x00003ee0        0x0
 .glue_7t       0x00000000        0x0 linker stubs

.vfp11_veneer   0x00003ee0        0x0
 .vfp11_veneer  0x00000000        0x0 linker stubs

.v4_bx          0x00003ee0        0x0
 .v4_bx         0x00000000        0x0 linker stubs

.iplt           0x00003ee0        0x0
 .iplt          0x00000000        0x0 c:/users/jan/appdata/local/arduino15/packages/arduino/tools/arm-none-eabi-gcc/4.8.3-2014q1/bin/../lib/gcc/arm-none-eabi/4.8.3/armv6-m/crtbegin.o

.rel.dyn        0x00003ee0        0x0
 .rel.iplt      0x00000000        0x0 c:/users/jan/appdata/local/arduino15/packages/arduino/tools/arm-none-eabi-gcc/4.8.3-2014q1/bin/../lib/gcc/arm-none-eabi/4.8.3/armv6-m/crtbegin.o

.ARM.extab
 *(.ARM.extab* .gnu.linkonce.armextab.*)
                0x00003ee0                __exidx_start = .

.ARM.exidx
 *(.ARM.exidx* .gnu.linkonce.armexidx.*)
                0x00003ee0                __exidx_end = .
                0x00003ee0                __etext = .

.data           0x20000000      0x180 load address 0x00003ee0
                0x20000000                __data_start__ = .
 *(vtable)
 *(.ramfunc*)
 .ramfunc       0x20000000       0x5c C:\Users\Jan\AppData\Local\Temp\arduino\sketches\EF1FCF5726F47838FECC54526ED24E10/core\core.a(Reset.cpp.o)
                0x20000000                banzai
 *(.data*)
 .data._ZN5JTAG28sgn_respE
                0x2000005c       0x1d C:\Users\Jan\AppData\Local\Temp\arduino\sketches\EF1FCF5726F47838FECC54526ED24E10\sketch\JTAG2.cpp.o
                0x2000005c                JTAG2::sgn_resp
 .data.stopbits
                0x20000079        0x1 C:\Users\Jan\AppData\Local\Temp\arduino\sketches\EF1FCF5726F47838FECC54526ED24E10\sketch\MuxTO.ino.cpp.o
                0x20000079                stopbits
 .data.serial_mode
                0x2000007a        0x2 C:\Users\Jan\AppData\Local\Temp\arduino\sketches\EF1FCF5726F47838FECC54526ED24E10\sketch\MuxTO.ino.cpp.o
                0x2000007a                serial_mode
 .data.numbits  0x2000007c        0x1 C:\Users\Jan\AppData\Local\Temp\arduino\sketches\EF1FCF5726F47838FECC54526ED24E10\sketch\MuxTO.ino.cpp.o
                0x2000007c                numbits
 .data.dtr      0x2000007d        0x1 C:\Users\Jan\AppData\Local\Temp\arduino\sketches\EF1FCF5726F47838FECC54526ED24E10\sketch\MuxTO.ino.cpp.o
                0x2000007d                dtr
 *fill*         0x2000007e        0x2 
 .data.baudrate
                0x20000080        0x4 C:\Users\Jan\AppData\Local\Temp\arduino\sketches\EF1FCF5726F47838FECC54526ED24E10\sketch\MuxTO.ino.cpp.o
                0x20000080                baudrate
 .data._ZN4UPDI10Chip_EraseE
                0x20000084        0x8 C:\Users\Jan\AppData\Local\Temp\arduino\sketches\EF1FCF5726F47838FECC54526ED24E10\sketch\UPDI_lo_lvl.cpp.o
                0x20000084                UPDI::Chip_Erase
 .data._ZN4UPDI8NVM_ProgE
                0x2000008c        0x8 C:\Users\Jan\AppData\Local\Temp\arduino\sketches\EF1FCF5726F47838FECC54526ED24E10\sketch\UPDI_lo_lvl.cpp.o
                0x2000008c                UPDI::NVM_Prog
 .data.SercomClock
                0x20000094        0x4 C:\Users\Jan\AppData\Local\Temp\arduino\sketches\EF1FCF5726F47838FECC54526ED24E10/core\core.a(SERCOM.cpp.o)
                0x20000094                SercomClock
 .data._ZL12_usbLineInfo
                0x20000098        0x8 C:\Users\Jan\AppData\Local\Temp\arduino\sketches\EF1FCF5726F47838FECC54526ED24E10/core\core.a(CDC.cpp.o)
 .data._ZL10breakValue
                0x200000a0        0x4 C:\Users\Jan\AppData\Local\Temp\arduino\sketches\EF1FCF5726F47838FECC54526ED24E10/core\core.a(CDC.cpp.o)
 .data._ZL13_cdcInterface
                0x200000a4       0x3a C:\Users\Jan\AppData\Local\Temp\arduino\sketches\EF1FCF5726F47838FECC54526ED24E10/core\core.a(CDC.cpp.o)
 *fill*         0x200000de        0x2 
 .data._serialPeek
                0x200000e0        0x4 C:\Users\Jan\AppData\Local\Temp\arduino\sketches\EF1FCF5726F47838FECC54526ED24E10/core\core.a(CDC.cpp.o)
                0x200000e0                _serialPeek
 .data.EndPoints
                0x200000e4       0x10 C:\Users\Jan\AppData\Local\Temp\arduino\sketches\EF1FCF5726F47838FECC54526ED24E10/core\core.a(USBCore.cpp.o)
                0x200000e4                EndPoints
 .data.SystemCoreClock
                0x200000f4        0x4 C:\Users\Jan\AppData\Local\Temp\arduino\sketches\EF1FCF5726F47838FECC54526ED24E10/core\core.a(wiring.c.o)
                0x200000f4                SystemCoreClock
 .data._ZL5ticks
                0x200000f8        0x4 C:\Users\Jan\AppData\Local\Temp\arduino\sketches\EF1FCF5726F47838FECC54526ED24E10/core\core.a(Reset.cpp.o)
 .data.impure_data
                0x200000fc       0x60 c:/users/jan/appdata/local/arduino15/packages/arduino/tools/arm-none-eabi-gcc/4.8.3-2014q1/bin/../lib/gcc/arm-none-eabi/4.8.3/../../../../arm-none-eabi/lib/armv6-m\libc_s.a(lib_a-impure.o)
 .data._impure_ptr
                0x2000015c        0x4 c:/users/jan/appdata/local/arduino15/packages/arduino/tools/arm-none-eabi-gcc/4.8.3-2014q1/bin/../lib/gcc/arm-none-eabi/4.8.3/../../../../arm-none-eabi/lib/armv6-m\libc_s.a(lib_a-impure.o)
                0x2000015c                _impure_ptr
                0x20000160                . = ALIGN (0x4)
                0x20000160                PROVIDE (__preinit_array_start, .)
 *(.preinit_array)
                0x20000160                PROVIDE (__preinit_array_end, .)
                0x20000160                . = ALIGN (0x4)
                0x20000160                PROVIDE (__init_array_start, .)
 *(SORT(.init_array.*))
 *(.init_array)
 .init_array    0x20000160        0x4 c:/users/jan/appdata/local/arduino15/packages/arduino/tools/arm-none-eabi-gcc/4.8.3-2014q1/bin/../lib/gcc/arm-none-eabi/4.8.3/armv6-m/crtbegin.o
 .init_array    0x20000164        0x4 C:\Users\Jan\AppData\Local\Temp\arduino\sketches\EF1FCF5726F47838FECC54526ED24E10\core\variant.cpp.o
 .init_array    0x20000168        0x4 C:\Users\Jan\AppData\Local\Temp\arduino\sketches\EF1FCF5726F47838FECC54526ED24E10/core\core.a(CDC.cpp.o)
 .init_array    0x2000016c        0x4 C:\Users\Jan\AppData\Local\Temp\arduino\sketches\EF1FCF5726F47838FECC54526ED24E10/core\core.a(USBCore.cpp.o)
                0x20000170                PROVIDE (__init_array_end, .)
                0x20000170                . = ALIGN (0x4)
                0x20000170                PROVIDE (__fini_array_start, .)
 *(SORT(.fini_array.*))
 *(.fini_array)
 .fini_array    0x20000170        0x4 c:/users/jan/appdata/local/arduino15/packages/arduino/tools/arm-none-eabi-gcc/4.8.3-2014q1/bin/../lib/gcc/arm-none-eabi/4.8.3/armv6-m/crtbegin.o
                0x20000174                PROVIDE (__fini_array_end, .)
 *(.jcr*)
 .jcr           0x20000174        0x0 c:/users/jan/appdata/local/arduino15/packages/arduino/tools/arm-none-eabi-gcc/4.8.3-2014q1/bin/../lib/gcc/arm-none-eabi/4.8.3/armv6-m/crtbegin.o
 .jcr           0x20000174        0x4 c:/users/jan/appdata/local/arduino15/packages/arduino/tools/arm-none-eabi-gcc/4.8.3-2014q1/bin/../lib/gcc/arm-none-eabi/4.8.3/armv6-m/crtend.o
                0x20000180                . = ALIGN (0x10)
 *fill*         0x20000178        0x8 
                0x20000180                __data_end__ = .

.igot.plt       0x20000180        0x0 load address 0x00004060
 .igot.plt      0x00000000        0x0 c:/users/jan/appdata/local/arduino15/packages/arduino/tools/arm-none-eabi-gcc/4.8.3-2014q1/bin/../lib/gcc/arm-none-eabi/4.8.3/armv6-m/crtbegin.o

.bss            0x20000180      0x6c0 load address 0x00004060
                0x20000180                . = ALIGN (0x4)
                0x20000180                __bss_start__ = .
 *(.bss*)
 .bss           0x20000180       0x1c c:/users/jan/appdata/local/arduino15/packages/arduino/tools/arm-none-eabi-gcc/4.8.3-2014q1/bin/../lib/gcc/arm-none-eabi/4.8.3/armv6-m/crtbegin.o
 .bss._ZN5JTAG26packetE
                0x2000019c      0x1c8 C:\Users\Jan\AppData\Local\Temp\arduino\sketches\EF1FCF5726F47838FECC54526ED24E10\sketch\JTAG2.cpp.o
                0x2000019c                JTAG2::packet
 .bss._ZN5JTAG219PARAM_BAUD_RATE_VALE
                0x20000364        0x1 C:\Users\Jan\AppData\Local\Temp\arduino\sketches\EF1FCF5726F47838FECC54526ED24E10\sketch\JTAG2.cpp.o
                0x20000364                JTAG2::PARAM_BAUD_RATE_VAL
 .bss._ZN5JTAG218PARAM_EMU_MODE_VALE
                0x20000365        0x1 C:\Users\Jan\AppData\Local\Temp\arduino\sketches\EF1FCF5726F47838FECC54526ED24E10\sketch\JTAG2.cpp.o
                0x20000365                JTAG2::PARAM_EMU_MODE_VAL
 .bss._ZN12_GLOBAL__N_114flash_pagesizeE
                0x20000366        0x1 C:\Users\Jan\AppData\Local\Temp\arduino\sketches\EF1FCF5726F47838FECC54526ED24E10\sketch\JTAG2.cpp.o
 .bss._ZN12_GLOBAL__N_115eeprom_pagesizeE
                0x20000367        0x1 C:\Users\Jan\AppData\Local\Temp\arduino\sketches\EF1FCF5726F47838FECC54526ED24E10\sketch\JTAG2.cpp.o
 .bss.updi_mode_end
                0x20000368        0x4 C:\Users\Jan\AppData\Local\Temp\arduino\sketches\EF1FCF5726F47838FECC54526ED24E10\sketch\MuxTO.ino.cpp.o
                0x20000368                updi_mode_end
 .bss.updi_mode_start
                0x2000036c        0x4 C:\Users\Jan\AppData\Local\Temp\arduino\sketches\EF1FCF5726F47838FECC54526ED24E10\sketch\MuxTO.ino.cpp.o
                0x2000036c                updi_mode_start
 .bss.serialNeedReconfiguration
                0x20000370        0x1 C:\Users\Jan\AppData\Local\Temp\arduino\sketches\EF1FCF5726F47838FECC54526ED24E10\sketch\MuxTO.ino.cpp.o
                0x20000370                serialNeedReconfiguration
 *fill*         0x20000371        0x3 
 .bss.q         0x20000374        0x4 C:\Users\Jan\AppData\Local\Temp\arduino\sketches\EF1FCF5726F47838FECC54526ED24E10\sketch\MuxTO.ino.cpp.o
                0x20000374                q
 .bss.updi_mode
                0x20000378        0x1 C:\Users\Jan\AppData\Local\Temp\arduino\sketches\EF1FCF5726F47838FECC54526ED24E10\sketch\MuxTO.ino.cpp.o
                0x20000378                updi_mode
 .bss.support_buffer
                0x20000379       0x40 C:\Users\Jan\AppData\Local\Temp\arduino\sketches\EF1FCF5726F47838FECC54526ED24E10\sketch\MuxTO.ino.cpp.o
                0x20000379                support_buffer
 .bss.paritytype
                0x200003b9        0x1 C:\Users\Jan\AppData\Local\Temp\arduino\sketches\EF1FCF5726F47838FECC54526ED24E10\sketch\MuxTO.ino.cpp.o
                0x200003b9                paritytype
 *fill*         0x200003ba        0x2 
 .bss.Serial1   0x200003bc       0x44 C:\Users\Jan\AppData\Local\Temp\arduino\sketches\EF1FCF5726F47838FECC54526ED24E10\core\variant.cpp.o
                0x200003bc                Serial1
 .bss.Serial2   0x20000400       0x44 C:\Users\Jan\AppData\Local\Temp\arduino\sketches\EF1FCF5726F47838FECC54526ED24E10\core\variant.cpp.o
                0x20000400                Serial2
 .bss.sercom0   0x20000444        0x4 C:\Users\Jan\AppData\Local\Temp\arduino\sketches\EF1FCF5726F47838FECC54526ED24E10\core\variant.cpp.o
                0x20000444                sercom0
 .bss.sercom1   0x20000448        0x4 C:\Users\Jan\AppData\Local\Temp\arduino\sketches\EF1FCF5726F47838FECC54526ED24E10\core\variant.cpp.o
                0x20000448                sercom1
 .bss.SerialUSB
                0x2000044c       0x1c C:\Users\Jan\AppData\Local\Temp\arduino\sketches\EF1FCF5726F47838FECC54526ED24E10/core\core.a(CDC.cpp.o)
                0x2000044c                SerialUSB
 .bss._ZL14isEndpointHalt
                0x20000468        0x1 C:\Users\Jan\AppData\Local\Temp\arduino\sketches\EF1FCF5726F47838FECC54526ED24E10/core\core.a(USBCore.cpp.o)
 .bss._pack_buffer
                0x20000469      0x100 C:\Users\Jan\AppData\Local\Temp\arduino\sketches\EF1FCF5726F47838FECC54526ED24E10/core\core.a(USBCore.cpp.o)
                0x20000469                _pack_buffer
 *fill*         0x20000569        0x1 
 .bss._pack_size
                0x2000056a        0x2 C:\Users\Jan\AppData\Local\Temp\arduino\sketches\EF1FCF5726F47838FECC54526ED24E10/core\core.a(USBCore.cpp.o)
                0x2000056a                _pack_size
 .bss._ZL20LastTransmitTimedOut
                0x2000056c        0x7 C:\Users\Jan\AppData\Local\Temp\arduino\sketches\EF1FCF5726F47838FECC54526ED24E10/core\core.a(USBCore.cpp.o)
 *fill*         0x20000573        0x1 
 .bss._ZL22udd_ep_in_cache_buffer
                0x20000574       0xc0 C:\Users\Jan\AppData\Local\Temp\arduino\sketches\EF1FCF5726F47838FECC54526ED24E10/core\core.a(USBCore.cpp.o)
 .bss._ZL10txLEDPulse
                0x20000634        0x1 C:\Users\Jan\AppData\Local\Temp\arduino\sketches\EF1FCF5726F47838FECC54526ED24E10/core\core.a(USBCore.cpp.o)
 *fill*         0x20000635        0x3 
 .bss._ZL23udd_ep_out_cache_buffer
                0x20000638       0xc0 C:\Users\Jan\AppData\Local\Temp\arduino\sketches\EF1FCF5726F47838FECC54526ED24E10/core\core.a(USBCore.cpp.o)
 .bss._ZL10epHandlers
                0x200006f8       0x1c C:\Users\Jan\AppData\Local\Temp\arduino\sketches\EF1FCF5726F47838FECC54526ED24E10/core\core.a(USBCore.cpp.o)
 .bss._pack_message
                0x20000714        0x1 C:\Users\Jan\AppData\Local\Temp\arduino\sketches\EF1FCF5726F47838FECC54526ED24E10/core\core.a(USBCore.cpp.o)
                0x20000714                _pack_message
 .bss._ZL21isRemoteWakeUpEnabled
                0x20000715        0x1 C:\Users\Jan\AppData\Local\Temp\arduino\sketches\EF1FCF5726F47838FECC54526ED24E10/core\core.a(USBCore.cpp.o)
 .bss._dry_run  0x20000716        0x1 C:\Users\Jan\AppData\Local\Temp\arduino\sketches\EF1FCF5726F47838FECC54526ED24E10/core\core.a(USBCore.cpp.o)
                0x20000716                _dry_run
 .bss.USBDevice
                0x20000717        0x1 C:\Users\Jan\AppData\Local\Temp\arduino\sketches\EF1FCF5726F47838FECC54526ED24E10/core\core.a(USBCore.cpp.o)
                0x20000717                USBDevice
 .bss._usbSetInterface
                0x20000718        0x4 C:\Users\Jan\AppData\Local\Temp\arduino\sketches\EF1FCF5726F47838FECC54526ED24E10/core\core.a(USBCore.cpp.o)
                0x20000718                _usbSetInterface
 .bss._ZL10rxLEDPulse
                0x2000071c        0x1 C:\Users\Jan\AppData\Local\Temp\arduino\sketches\EF1FCF5726F47838FECC54526ED24E10/core\core.a(USBCore.cpp.o)
 *fill*         0x2000071d        0x3 
 .bss.usbd      0x20000720      0x104 C:\Users\Jan\AppData\Local\Temp\arduino\sketches\EF1FCF5726F47838FECC54526ED24E10/core\core.a(USBCore.cpp.o)
                0x20000720                usbd
 .bss._usbConfiguration
                0x20000824        0x4 C:\Users\Jan\AppData\Local\Temp\arduino\sketches\EF1FCF5726F47838FECC54526ED24E10/core\core.a(USBCore.cpp.o)
                0x20000824                _usbConfiguration
 .bss.usb_isr   0x20000828        0x4 C:\Users\Jan\AppData\Local\Temp\arduino\sketches\EF1FCF5726F47838FECC54526ED24E10/core\core.a(cortex_handlers.c.o)
 .bss._ulTickCount
                0x2000082c        0x4 C:\Users\Jan\AppData\Local\Temp\arduino\sketches\EF1FCF5726F47838FECC54526ED24E10/core\core.a(delay.c.o)
 .bss.__malloc_sbrk_start
                0x20000830        0x4 c:/users/jan/appdata/local/arduino15/packages/arduino/tools/arm-none-eabi-gcc/4.8.3-2014q1/bin/../lib/gcc/arm-none-eabi/4.8.3/../../../../arm-none-eabi/lib/armv6-m\libc_s.a(lib_a-nano-mallocr.o)
                0x20000830                __malloc_sbrk_start
 .bss.__malloc_free_list
                0x20000834        0x4 c:/users/jan/appdata/local/arduino15/packages/arduino/tools/arm-none-eabi-gcc/4.8.3-2014q1/bin/../lib/gcc/arm-none-eabi/4.8.3/../../../../arm-none-eabi/lib/armv6-m\libc_s.a(lib_a-nano-mallocr.o)
                0x20000834                __malloc_free_list
 .bss.heap_end.4243
                0x20000838        0x4 c:/users/jan/appdata/local/arduino15/packages/arduino/tools/arm-none-eabi-gcc/4.8.3-2014q1/bin/../lib/gcc/arm-none-eabi/4.8.3/../../../../arm-none-eabi/lib/armv6-m\libnosys.a(sbrk.o)
 *(COMMON)
 COMMON         0x2000083c        0x4 c:/users/jan/appdata/local/arduino15/packages/arduino/tools/arm-none-eabi-gcc/4.8.3-2014q1/bin/../lib/gcc/arm-none-eabi/4.8.3/../../../../arm-none-eabi/lib/armv6-m\libc_s.a(lib_a-reent.o)
                0x2000083c                errno
                0x20000840                . = ALIGN (0x4)
                0x20000840                __bss_end__ = .

.heap           0x20000840        0x0
                0x20000840                __end__ = .
                0x20000840                PROVIDE (end, .)
 *(.heap*)
                0x20000840                __HeapLimit = .

.stack_dummy    0x20000840        0x0
 *(.stack*)
                0x20001000                __StackTop = (ORIGIN (RAM) + 0x1000)
                0x20001000                __StackLimit = (__StackTop - SIZEOF (.stack_dummy))
                0x20001000                PROVIDE (__stack, __StackTop)
                0x20000fff                __ram_end__ = ((ORIGIN (RAM) + 0x1000) - 0x1)
                0x00000001                ASSERT ((__StackLimit >= __HeapLimit), region RAM overflowed with stack)
OUTPUT(C:\Users\Jan\AppData\Local\Temp\arduino\sketches\EF1FCF5726F47838FECC54526ED24E10/MuxTO.ino.elf elf32-littlearm)

.ARM.attributes
                0x00000000       0x28
 .ARM.attributes
                0x00000000       0x1e c:/users/jan/appdata/local/arduino15/packages/arduino/tools/arm-none-eabi-gcc/4.8.3-2014q1/bin/../lib/gcc/arm-none-eabi/4.8.3/armv6-m/crti.o
 .ARM.attributes
                0x0000001e       0x2c c:/users/jan/appdata/local/arduino15/packages/arduino/tools/arm-none-eabi-gcc/4.8.3-2014q1/bin/../lib/gcc/arm-none-eabi/4.8.3/armv6-m/crtbegin.o
 .ARM.attributes
                0x0000004a       0x32 C:\Users\Jan\AppData\Local\Temp\arduino\sketches\EF1FCF5726F47838FECC54526ED24E10\sketch\JICE_io.cpp.o
 .ARM.attributes
                0x0000007c       0x32 C:\Users\Jan\AppData\Local\Temp\arduino\sketches\EF1FCF5726F47838FECC54526ED24E10\sketch\JTAG2.cpp.o
 .ARM.attributes
                0x000000ae       0x32 C:\Users\Jan\AppData\Local\Temp\arduino\sketches\EF1FCF5726F47838FECC54526ED24E10\sketch\MuxTO.ino.cpp.o
 .ARM.attributes
                0x000000e0       0x32 C:\Users\Jan\AppData\Local\Temp\arduino\sketches\EF1FCF5726F47838FECC54526ED24E10\sketch\UPDI_hi_lvl.cpp.o
 .ARM.attributes
                0x00000112       0x32 C:\Users\Jan\AppData\Local\Temp\arduino\sketches\EF1FCF5726F47838FECC54526ED24E10\sketch\UPDI_lo_lvl.cpp.o
 .ARM.attributes
                0x00000144       0x32 C:\Users\Jan\AppData\Local\Temp\arduino\sketches\EF1FCF5726F47838FECC54526ED24E10\sketch\crc16.cpp.o
 .ARM.attributes
                0x00000176       0x32 C:\Users\Jan\AppData\Local\Temp\arduino\sketches\EF1FCF5726F47838FECC54526ED24E10\sketch\updi_io.cpp.o
 .ARM.attributes
                0x000001a8       0x32 C:\Users\Jan\AppData\Local\Temp\arduino\sketches\EF1FCF5726F47838FECC54526ED24E10\core\variant.cpp.o
 .ARM.attributes
                0x000001da       0x32 C:\Users\Jan\AppData\Local\Temp\arduino\sketches\EF1FCF5726F47838FECC54526ED24E10/core\core.a(SERCOM.cpp.o)
 .ARM.attributes
                0x0000020c       0x32 C:\Users\Jan\AppData\Local\Temp\arduino\sketches\EF1FCF5726F47838FECC54526ED24E10/core\core.a(Stream.cpp.o)
 .ARM.attributes
                0x0000023e       0x32 C:\Users\Jan\AppData\Local\Temp\arduino\sketches\EF1FCF5726F47838FECC54526ED24E10/core\core.a(CDC.cpp.o)
 .ARM.attributes
                0x00000270       0x32 C:\Users\Jan\AppData\Local\Temp\arduino\sketches\EF1FCF5726F47838FECC54526ED24E10/core\core.a(USBCore.cpp.o)
 .ARM.attributes
                0x000002a2       0x32 C:\Users\Jan\AppData\Local\Temp\arduino\sketches\EF1FCF5726F47838FECC54526ED24E10/core\core.a(Uart.cpp.o)
 .ARM.attributes
                0x000002d4       0x32 C:\Users\Jan\AppData\Local\Temp\arduino\sketches\EF1FCF5726F47838FECC54526ED24E10/core\core.a(cortex_handlers.c.o)
 .ARM.attributes
                0x00000306       0x32 C:\Users\Jan\AppData\Local\Temp\arduino\sketches\EF1FCF5726F47838FECC54526ED24E10/core\core.a(delay.c.o)
 .ARM.attributes
                0x00000338       0x32 C:\Users\Jan\AppData\Local\Temp\arduino\sketches\EF1FCF5726F47838FECC54526ED24E10/core\core.a(hooks.c.o)
 .ARM.attributes
                0x0000036a       0x32 C:\Users\Jan\AppData\Local\Temp\arduino\sketches\EF1FCF5726F47838FECC54526ED24E10/core\core.a(main.cpp.o)
 .ARM.attributes
                0x0000039c       0x32 C:\Users\Jan\AppData\Local\Temp\arduino\sketches\EF1FCF5726F47838FECC54526ED24E10/core\core.a(new.cpp.o)
 .ARM.attributes
                0x000003ce       0x32 C:\Users\Jan\AppData\Local\Temp\arduino\sketches\EF1FCF5726F47838FECC54526ED24E10/core\core.a(startup.c.o)
 .ARM.attributes
                0x00000400       0x32 C:\Users\Jan\AppData\Local\Temp\arduino\sketches\EF1FCF5726F47838FECC54526ED24E10/core\core.a(wiring.c.o)
 .ARM.attributes
                0x00000432       0x32 C:\Users\Jan\AppData\Local\Temp\arduino\sketches\EF1FCF5726F47838FECC54526ED24E10/core\core.a(wiring_digital.c.o)
 .ARM.attributes
                0x00000464       0x32 C:\Users\Jan\AppData\Local\Temp\arduino\sketches\EF1FCF5726F47838FECC54526ED24E10/core\core.a(wiring_private.c.o)
 .ARM.attributes
                0x00000496       0x32 C:\Users\Jan\AppData\Local\Temp\arduino\sketches\EF1FCF5726F47838FECC54526ED24E10/core\core.a(Print.cpp.o)
 .ARM.attributes
                0x000004c8       0x32 C:\Users\Jan\AppData\Local\Temp\arduino\sketches\EF1FCF5726F47838FECC54526ED24E10/core\core.a(Reset.cpp.o)
 .ARM.attributes
                0x000004fa       0x32 C:\Users\Jan\AppData\Local\Temp\arduino\sketches\EF1FCF5726F47838FECC54526ED24E10/core\core.a(RingBuffer.cpp.o)
 .ARM.attributes
                0x0000052c       0x1e c:/users/jan/appdata/local/arduino15/packages/arduino/tools/arm-none-eabi-gcc/4.8.3-2014q1/bin/../lib/gcc/arm-none-eabi/4.8.3/armv6-m\libgcc.a(_thumb1_case_uqi.o)
 .ARM.attributes
                0x0000054a       0x1e c:/users/jan/appdata/local/arduino15/packages/arduino/tools/arm-none-eabi-gcc/4.8.3-2014q1/bin/../lib/gcc/arm-none-eabi/4.8.3/armv6-m\libgcc.a(_udivsi3.o)
 .ARM.attributes
                0x00000568       0x1e c:/users/jan/appdata/local/arduino15/packages/arduino/tools/arm-none-eabi-gcc/4.8.3-2014q1/bin/../lib/gcc/arm-none-eabi/4.8.3/armv6-m\libgcc.a(_dvmd_tls.o)
 .ARM.attributes
                0x00000586       0x2c c:/users/jan/appdata/local/arduino15/packages/arduino/tools/arm-none-eabi-gcc/4.8.3-2014q1/bin/../lib/gcc/arm-none-eabi/4.8.3/../../../../arm-none-eabi/lib/armv6-m\libc_s.a(lib_a-impure.o)
 .ARM.attributes
                0x000005b2       0x2c c:/users/jan/appdata/local/arduino15/packages/arduino/tools/arm-none-eabi-gcc/4.8.3-2014q1/bin/../lib/gcc/arm-none-eabi/4.8.3/../../../../arm-none-eabi/lib/armv6-m\libc_s.a(lib_a-init.o)
 .ARM.attributes
                0x000005de       0x2c c:/users/jan/appdata/local/arduino15/packages/arduino/tools/arm-none-eabi-gcc/4.8.3-2014q1/bin/../lib/gcc/arm-none-eabi/4.8.3/../../../../arm-none-eabi/lib/armv6-m\libc_s.a(lib_a-malloc.o)
 .ARM.attributes
                0x0000060a       0x2c c:/users/jan/appdata/local/arduino15/packages/arduino/tools/arm-none-eabi-gcc/4.8.3-2014q1/bin/../lib/gcc/arm-none-eabi/4.8.3/../../../../arm-none-eabi/lib/armv6-m\libc_s.a(lib_a-memcpy-stub.o)
 .ARM.attributes
                0x00000636       0x2c c:/users/jan/appdata/local/arduino15/packages/arduino/tools/arm-none-eabi-gcc/4.8.3-2014q1/bin/../lib/gcc/arm-none-eabi/4.8.3/../../../../arm-none-eabi/lib/armv6-m\libc_s.a(lib_a-memset.o)
 .ARM.attributes
                0x00000662       0x2c c:/users/jan/appdata/local/arduino15/packages/arduino/tools/arm-none-eabi-gcc/4.8.3-2014q1/bin/../lib/gcc/arm-none-eabi/4.8.3/../../../../arm-none-eabi/lib/armv6-m\libc_s.a(lib_a-nano-freer.o)
 .ARM.attributes
                0x0000068e       0x2c c:/users/jan/appdata/local/arduino15/packages/arduino/tools/arm-none-eabi-gcc/4.8.3-2014q1/bin/../lib/gcc/arm-none-eabi/4.8.3/../../../../arm-none-eabi/lib/armv6-m\libc_s.a(lib_a-nano-mallocr.o)
 .ARM.attributes
                0x000006ba       0x2c c:/users/jan/appdata/local/arduino15/packages/arduino/tools/arm-none-eabi-gcc/4.8.3-2014q1/bin/../lib/gcc/arm-none-eabi/4.8.3/../../../../arm-none-eabi/lib/armv6-m\libc_s.a(lib_a-sbrkr.o)
 .ARM.attributes
                0x000006e6       0x2c c:/users/jan/appdata/local/arduino15/packages/arduino/tools/arm-none-eabi-gcc/4.8.3-2014q1/bin/../lib/gcc/arm-none-eabi/4.8.3/../../../../arm-none-eabi/lib/armv6-m\libc_s.a(lib_a-strlen.o)
 .ARM.attributes
                0x00000712       0x2c c:/users/jan/appdata/local/arduino15/packages/arduino/tools/arm-none-eabi-gcc/4.8.3-2014q1/bin/../lib/gcc/arm-none-eabi/4.8.3/../../../../arm-none-eabi/lib/armv6-m\libc_s.a(lib_a-reent.o)
 .ARM.attributes
                0x0000073e       0x2c c:/users/jan/appdata/local/arduino15/packages/arduino/tools/arm-none-eabi-gcc/4.8.3-2014q1/bin/../lib/gcc/arm-none-eabi/4.8.3/../../../../arm-none-eabi/lib/armv6-m\libnosys.a(sbrk.o)
 .ARM.attributes
                0x0000076a       0x2c c:/users/jan/appdata/local/arduino15/packages/arduino/tools/arm-none-eabi-gcc/4.8.3-2014q1/bin/../lib/gcc/arm-none-eabi/4.8.3/armv6-m/crtend.o
 .ARM.attributes
                0x00000796       0x1e c:/users/jan/appdata/local/arduino15/packages/arduino/tools/arm-none-eabi-gcc/4.8.3-2014q1/bin/../lib/gcc/arm-none-eabi/4.8.3/armv6-m/crtn.o

.comment        0x00000000       0x70
 .comment       0x00000000       0x70 C:\Users\Jan\AppData\Local\Temp\arduino\sketches\EF1FCF5726F47838FECC54526ED24E10\sketch\JICE_io.cpp.o
                                 0x71 (size before relaxing)
 .comment       0x00000000       0x71 C:\Users\Jan\AppData\Local\Temp\arduino\sketches\EF1FCF5726F47838FECC54526ED24E10\sketch\JTAG2.cpp.o
 .comment       0x00000000       0x71 C:\Users\Jan\AppData\Local\Temp\arduino\sketches\EF1FCF5726F47838FECC54526ED24E10\sketch\MuxTO.ino.cpp.o
 .comment       0x00000000       0x71 C:\Users\Jan\AppData\Local\Temp\arduino\sketches\EF1FCF5726F47838FECC54526ED24E10\sketch\UPDI_hi_lvl.cpp.o
 .comment       0x00000000       0x71 C:\Users\Jan\AppData\Local\Temp\arduino\sketches\EF1FCF5726F47838FECC54526ED24E10\sketch\UPDI_lo_lvl.cpp.o
 .comment       0x00000000       0x71 C:\Users\Jan\AppData\Local\Temp\arduino\sketches\EF1FCF5726F47838FECC54526ED24E10\sketch\crc16.cpp.o
 .comment       0x00000000       0x71 C:\Users\Jan\AppData\Local\Temp\arduino\sketches\EF1FCF5726F47838FECC54526ED24E10\sketch\updi_io.cpp.o
 .comment       0x00000000       0x71 C:\Users\Jan\AppData\Local\Temp\arduino\sketches\EF1FCF5726F47838FECC54526ED24E10\core\variant.cpp.o
 .comment       0x00000000       0x71 C:\Users\Jan\AppData\Local\Temp\arduino\sketches\EF1FCF5726F47838FECC54526ED24E10/core\core.a(SERCOM.cpp.o)
 .comment       0x00000000       0x71 C:\Users\Jan\AppData\Local\Temp\arduino\sketches\EF1FCF5726F47838FECC54526ED24E10/core\core.a(Stream.cpp.o)
 .comment       0x00000000       0x71 C:\Users\Jan\AppData\Local\Temp\arduino\sketches\EF1FCF5726F47838FECC54526ED24E10/core\core.a(CDC.cpp.o)
 .comment       0x00000000       0x71 C:\Users\Jan\AppData\Local\Temp\arduino\sketches\EF1FCF5726F47838FECC54526ED24E10/core\core.a(USBCore.cpp.o)
 .comment       0x00000000       0x71 C:\Users\Jan\AppData\Local\Temp\arduino\sketches\EF1FCF5726F47838FECC54526ED24E10/core\core.a(Uart.cpp.o)
 .comment       0x00000000       0x71 C:\Users\Jan\AppData\Local\Temp\arduino\sketches\EF1FCF5726F47838FECC54526ED24E10/core\core.a(cortex_handlers.c.o)
 .comment       0x00000000       0x71 C:\Users\Jan\AppData\Local\Temp\arduino\sketches\EF1FCF5726F47838FECC54526ED24E10/core\core.a(delay.c.o)
 .comment       0x00000000       0x71 C:\Users\Jan\AppData\Local\Temp\arduino\sketches\EF1FCF5726F47838FECC54526ED24E10/core\core.a(hooks.c.o)
 .comment       0x00000000       0x71 C:\Users\Jan\AppData\Local\Temp\arduino\sketches\EF1FCF5726F47838FECC54526ED24E10/core\core.a(main.cpp.o)
 .comment       0x00000000       0x71 C:\Users\Jan\AppData\Local\Temp\arduino\sketches\EF1FCF5726F47838FECC54526ED24E10/core\core.a(new.cpp.o)
 .comment       0x00000000       0x71 C:\Users\Jan\AppData\Local\Temp\arduino\sketches\EF1FCF5726F47838FECC54526ED24E10/core\core.a(startup.c.o)
 .comment       0x00000000       0x71 C:\Users\Jan\AppData\Local\Temp\arduino\sketches\EF1FCF5726F47838FECC54526ED24E10/core\core.a(wiring.c.o)
 .comment       0x00000000       0x71 C:\Users\Jan\AppData\Local\Temp\arduino\sketches\EF1FCF5726F47838FECC54526ED24E10/core\core.a(wiring_digital.c.o)
 .comment       0x00000000       0x71 C:\Users\Jan\AppData\Local\Temp\arduino\sketches\EF1FCF5726F47838FECC54526ED24E10/core\core.a(wiring_private.c.o)
 .comment       0x00000000       0x71 C:\Users\Jan\AppData\Local\Temp\arduino\sketches\EF1FCF5726F47838FECC54526ED24E10/core\core.a(Print.cpp.o)
 .comment       0x00000000       0x71 C:\Users\Jan\AppData\Local\Temp\arduino\sketches\EF1FCF5726F47838FECC54526ED24E10/core\core.a(Reset.cpp.o)
 .comment       0x00000000       0x71 C:\Users\Jan\AppData\Local\Temp\arduino\sketches\EF1FCF5726F47838FECC54526ED24E10/core\core.a(RingBuffer.cpp.o)

.debug_info     0x00000000    0x2985b
 .debug_info    0x00000000      0x4d0 C:\Users\Jan\AppData\Local\Temp\arduino\sketches\EF1FCF5726F47838FECC54526ED24E10\sketch\JICE_io.cpp.o
 .debug_info    0x000004d0     0x16cd C:\Users\Jan\AppData\Local\Temp\arduino\sketches\EF1FCF5726F47838FECC54526ED24E10\sketch\JTAG2.cpp.o
 .debug_info    0x00001b9d     0x22f7 C:\Users\Jan\AppData\Local\Temp\arduino\sketches\EF1FCF5726F47838FECC54526ED24E10\sketch\MuxTO.ino.cpp.o
 .debug_info    0x00003e94      0x236 C:\Users\Jan\AppData\Local\Temp\arduino\sketches\EF1FCF5726F47838FECC54526ED24E10\sketch\UPDI_hi_lvl.cpp.o
 .debug_info    0x000040ca      0xbe4 C:\Users\Jan\AppData\Local\Temp\arduino\sketches\EF1FCF5726F47838FECC54526ED24E10\sketch\UPDI_lo_lvl.cpp.o
 .debug_info    0x00004cae      0x455 C:\Users\Jan\AppData\Local\Temp\arduino\sketches\EF1FCF5726F47838FECC54526ED24E10\sketch\crc16.cpp.o
 .debug_info    0x00005103      0x51d C:\Users\Jan\AppData\Local\Temp\arduino\sketches\EF1FCF5726F47838FECC54526ED24E10\sketch\updi_io.cpp.o
 .debug_info    0x00005620     0x52d9 C:\Users\Jan\AppData\Local\Temp\arduino\sketches\EF1FCF5726F47838FECC54526ED24E10\core\variant.cpp.o
 .debug_info    0x0000a8f9     0x3ac3 C:\Users\Jan\AppData\Local\Temp\arduino\sketches\EF1FCF5726F47838FECC54526ED24E10/core\core.a(SERCOM.cpp.o)
 .debug_info    0x0000e3bc     0x2179 C:\Users\Jan\AppData\Local\Temp\arduino\sketches\EF1FCF5726F47838FECC54526ED24E10/core\core.a(Stream.cpp.o)
 .debug_info    0x00010535     0x2cfd C:\Users\Jan\AppData\Local\Temp\arduino\sketches\EF1FCF5726F47838FECC54526ED24E10/core\core.a(CDC.cpp.o)
 .debug_info    0x00013232     0x6dcc C:\Users\Jan\AppData\Local\Temp\arduino\sketches\EF1FCF5726F47838FECC54526ED24E10/core\core.a(USBCore.cpp.o)
 .debug_info    0x00019ffe     0x536b C:\Users\Jan\AppData\Local\Temp\arduino\sketches\EF1FCF5726F47838FECC54526ED24E10/core\core.a(Uart.cpp.o)
 .debug_info    0x0001f369     0x2527 C:\Users\Jan\AppData\Local\Temp\arduino\sketches\EF1FCF5726F47838FECC54526ED24E10/core\core.a(cortex_handlers.c.o)
 .debug_info    0x00021890      0x38a C:\Users\Jan\AppData\Local\Temp\arduino\sketches\EF1FCF5726F47838FECC54526ED24E10/core\core.a(delay.c.o)
 .debug_info    0x00021c1a       0x60 C:\Users\Jan\AppData\Local\Temp\arduino\sketches\EF1FCF5726F47838FECC54526ED24E10/core\core.a(hooks.c.o)
 .debug_info    0x00021c7a      0x7dc C:\Users\Jan\AppData\Local\Temp\arduino\sketches\EF1FCF5726F47838FECC54526ED24E10/core\core.a(main.cpp.o)
 .debug_info    0x00022456      0x1a1 C:\Users\Jan\AppData\Local\Temp\arduino\sketches\EF1FCF5726F47838FECC54526ED24E10/core\core.a(new.cpp.o)
 .debug_info    0x000225f7     0x17a2 C:\Users\Jan\AppData\Local\Temp\arduino\sketches\EF1FCF5726F47838FECC54526ED24E10/core\core.a(startup.c.o)
 .debug_info    0x00023d99      0xe6e C:\Users\Jan\AppData\Local\Temp\arduino\sketches\EF1FCF5726F47838FECC54526ED24E10/core\core.a(wiring.c.o)
 .debug_info    0x00024c07      0x918 C:\Users\Jan\AppData\Local\Temp\arduino\sketches\EF1FCF5726F47838FECC54526ED24E10/core\core.a(wiring_digital.c.o)
 .debug_info    0x0002551f      0xa05 C:\Users\Jan\AppData\Local\Temp\arduino\sketches\EF1FCF5726F47838FECC54526ED24E10/core\core.a(wiring_private.c.o)
 .debug_info    0x00025f24     0x2b25 C:\Users\Jan\AppData\Local\Temp\arduino\sketches\EF1FCF5726F47838FECC54526ED24E10/core\core.a(Print.cpp.o)
 .debug_info    0x00028a49      0x926 C:\Users\Jan\AppData\Local\Temp\arduino\sketches\EF1FCF5726F47838FECC54526ED24E10/core\core.a(Reset.cpp.o)
 .debug_info    0x0002936f      0x4ec C:\Users\Jan\AppData\Local\Temp\arduino\sketches\EF1FCF5726F47838FECC54526ED24E10/core\core.a(RingBuffer.cpp.o)

.debug_abbrev   0x00000000     0x505e
 .debug_abbrev  0x00000000      0x24e C:\Users\Jan\AppData\Local\Temp\arduino\sketches\EF1FCF5726F47838FECC54526ED24E10\sketch\JICE_io.cpp.o
 .debug_abbrev  0x0000024e      0x4e6 C:\Users\Jan\AppData\Local\Temp\arduino\sketches\EF1FCF5726F47838FECC54526ED24E10\sketch\JTAG2.cpp.o
 .debug_abbrev  0x00000734      0x54d C:\Users\Jan\AppData\Local\Temp\arduino\sketches\EF1FCF5726F47838FECC54526ED24E10\sketch\MuxTO.ino.cpp.o
 .debug_abbrev  0x00000c81      0x169 C:\Users\Jan\AppData\Local\Temp\arduino\sketches\EF1FCF5726F47838FECC54526ED24E10\sketch\UPDI_hi_lvl.cpp.o
 .debug_abbrev  0x00000dea      0x1b9 C:\Users\Jan\AppData\Local\Temp\arduino\sketches\EF1FCF5726F47838FECC54526ED24E10\sketch\UPDI_lo_lvl.cpp.o
 .debug_abbrev  0x00000fa3      0x15e C:\Users\Jan\AppData\Local\Temp\arduino\sketches\EF1FCF5726F47838FECC54526ED24E10\sketch\crc16.cpp.o
 .debug_abbrev  0x00001101      0x20d C:\Users\Jan\AppData\Local\Temp\arduino\sketches\EF1FCF5726F47838FECC54526ED24E10\sketch\updi_io.cpp.o
 .debug_abbrev  0x0000130e      0x349 C:\Users\Jan\AppData\Local\Temp\arduino\sketches\EF1FCF5726F47838FECC54526ED24E10\core\variant.cpp.o
 .debug_abbrev  0x00001657      0x4cd C:\Users\Jan\AppData\Local\Temp\arduino\sketches\EF1FCF5726F47838FECC54526ED24E10/core\core.a(SERCOM.cpp.o)
 .debug_abbrev  0x00001b24      0x4d2 C:\Users\Jan\AppData\Local\Temp\arduino\sketches\EF1FCF5726F47838FECC54526ED24E10/core\core.a(Stream.cpp.o)
 .debug_abbrev  0x00001ff6      0x656 C:\Users\Jan\AppData\Local\Temp\arduino\sketches\EF1FCF5726F47838FECC54526ED24E10/core\core.a(CDC.cpp.o)
 .debug_abbrev  0x0000264c      0x9a8 C:\Users\Jan\AppData\Local\Temp\arduino\sketches\EF1FCF5726F47838FECC54526ED24E10/core\core.a(USBCore.cpp.o)
 .debug_abbrev  0x00002ff4      0x663 C:\Users\Jan\AppData\Local\Temp\arduino\sketches\EF1FCF5726F47838FECC54526ED24E10/core\core.a(Uart.cpp.o)
 .debug_abbrev  0x00003657      0x307 C:\Users\Jan\AppData\Local\Temp\arduino\sketches\EF1FCF5726F47838FECC54526ED24E10/core\core.a(cortex_handlers.c.o)
 .debug_abbrev  0x0000395e      0x17f C:\Users\Jan\AppData\Local\Temp\arduino\sketches\EF1FCF5726F47838FECC54526ED24E10/core\core.a(delay.c.o)
 .debug_abbrev  0x00003add       0x47 C:\Users\Jan\AppData\Local\Temp\arduino\sketches\EF1FCF5726F47838FECC54526ED24E10/core\core.a(hooks.c.o)
 .debug_abbrev  0x00003b24      0x223 C:\Users\Jan\AppData\Local\Temp\arduino\sketches\EF1FCF5726F47838FECC54526ED24E10/core\core.a(main.cpp.o)
 .debug_abbrev  0x00003d47       0xd7 C:\Users\Jan\AppData\Local\Temp\arduino\sketches\EF1FCF5726F47838FECC54526ED24E10/core\core.a(new.cpp.o)
 .debug_abbrev  0x00003e1e      0x1ae C:\Users\Jan\AppData\Local\Temp\arduino\sketches\EF1FCF5726F47838FECC54526ED24E10/core\core.a(startup.c.o)
 .debug_abbrev  0x00003fcc      0x297 C:\Users\Jan\AppData\Local\Temp\arduino\sketches\EF1FCF5726F47838FECC54526ED24E10/core\core.a(wiring.c.o)
 .debug_abbrev  0x00004263      0x236 C:\Users\Jan\AppData\Local\Temp\arduino\sketches\EF1FCF5726F47838FECC54526ED24E10/core\core.a(wiring_digital.c.o)
 .debug_abbrev  0x00004499      0x214 C:\Users\Jan\AppData\Local\Temp\arduino\sketches\EF1FCF5726F47838FECC54526ED24E10/core\core.a(wiring_private.c.o)
 .debug_abbrev  0x000046ad      0x529 C:\Users\Jan\AppData\Local\Temp\arduino\sketches\EF1FCF5726F47838FECC54526ED24E10/core\core.a(Print.cpp.o)
 .debug_abbrev  0x00004bd6      0x26f C:\Users\Jan\AppData\Local\Temp\arduino\sketches\EF1FCF5726F47838FECC54526ED24E10/core\core.a(Reset.cpp.o)
 .debug_abbrev  0x00004e45      0x219 C:\Users\Jan\AppData\Local\Temp\arduino\sketches\EF1FCF5726F47838FECC54526ED24E10/core\core.a(RingBuffer.cpp.o)

.debug_loc      0x00000000     0x7640
 .debug_loc     0x00000000       0x34 C:\Users\Jan\AppData\Local\Temp\arduino\sketches\EF1FCF5726F47838FECC54526ED24E10\sketch\JICE_io.cpp.o
 .debug_loc     0x00000034      0x79d C:\Users\Jan\AppData\Local\Temp\arduino\sketches\EF1FCF5726F47838FECC54526ED24E10\sketch\JTAG2.cpp.o
 .debug_loc     0x000007d1       0xf2 C:\Users\Jan\AppData\Local\Temp\arduino\sketches\EF1FCF5726F47838FECC54526ED24E10\sketch\MuxTO.ino.cpp.o
 .debug_loc     0x000008c3      0x275 C:\Users\Jan\AppData\Local\Temp\arduino\sketches\EF1FCF5726F47838FECC54526ED24E10\sketch\UPDI_lo_lvl.cpp.o
 .debug_loc     0x00000b38       0x42 C:\Users\Jan\AppData\Local\Temp\arduino\sketches\EF1FCF5726F47838FECC54526ED24E10\sketch\crc16.cpp.o
 .debug_loc     0x00000b7a       0x68 C:\Users\Jan\AppData\Local\Temp\arduino\sketches\EF1FCF5726F47838FECC54526ED24E10\sketch\updi_io.cpp.o
 .debug_loc     0x00000be2      0xa95 C:\Users\Jan\AppData\Local\Temp\arduino\sketches\EF1FCF5726F47838FECC54526ED24E10/core\core.a(SERCOM.cpp.o)
 .debug_loc     0x00001677      0xd19 C:\Users\Jan\AppData\Local\Temp\arduino\sketches\EF1FCF5726F47838FECC54526ED24E10/core\core.a(Stream.cpp.o)
 .debug_loc     0x00002390      0x54e C:\Users\Jan\AppData\Local\Temp\arduino\sketches\EF1FCF5726F47838FECC54526ED24E10/core\core.a(CDC.cpp.o)
 .debug_loc     0x000028de     0x2734 C:\Users\Jan\AppData\Local\Temp\arduino\sketches\EF1FCF5726F47838FECC54526ED24E10/core\core.a(USBCore.cpp.o)
 .debug_loc     0x00005012      0x71d C:\Users\Jan\AppData\Local\Temp\arduino\sketches\EF1FCF5726F47838FECC54526ED24E10/core\core.a(Uart.cpp.o)
 .debug_loc     0x0000572f       0x7b C:\Users\Jan\AppData\Local\Temp\arduino\sketches\EF1FCF5726F47838FECC54526ED24E10/core\core.a(cortex_handlers.c.o)
 .debug_loc     0x000057aa       0xf4 C:\Users\Jan\AppData\Local\Temp\arduino\sketches\EF1FCF5726F47838FECC54526ED24E10/core\core.a(delay.c.o)
 .debug_loc     0x0000589e       0x84 C:\Users\Jan\AppData\Local\Temp\arduino\sketches\EF1FCF5726F47838FECC54526ED24E10/core\core.a(new.cpp.o)